 addon

 Timestamp is 5a3292ad (Thu Dec 14 23:03:09 2017)

 Preferred load address is 10000000

 Start         Length     Name                   Class
 0001:00000000 00000011H .text$di                CODE
 0001:00000020 0000b474H .text$mn                CODE
 0002:00000000 0000010cH .idata$5                DATA
 0002:0000010c 00000004H .CRT$XCA                DATA
 0002:00000110 0000000cH .CRT$XCU                DATA
 0002:0000011c 00000004H .CRT$XCZ                DATA
 0002:00000120 00000004H .CRT$XIA                DATA
 0002:00000124 00000010H .CRT$XIC                DATA
 0002:00000134 00000004H .CRT$XIZ                DATA
 0002:00000138 00000004H .CRT$XPA                DATA
 0002:0000013c 00000008H .CRT$XPX                DATA
 0002:00000144 00000004H .CRT$XPXA               DATA
 0002:00000148 00000004H .CRT$XPZ                DATA
 0002:0000014c 00000004H .CRT$XTA                DATA
 0002:00000150 00000004H .CRT$XTZ                DATA
 0002:00000160 00003e50H .rdata                  DATA
 0002:00003fb0 00000064H .rdata$debug            DATA
 0002:00004020 0000000cH .rdata$sxdata           DATA
 0002:0000402c 00000004H .rtc$IAA                DATA
 0002:00004030 00000004H .rtc$IZZ                DATA
 0002:00004034 00000004H .rtc$TAA                DATA
 0002:00004038 00000004H .rtc$TZZ                DATA
 0002:00004040 000002f4H .xdata$x                DATA
 0002:00004334 00000020H .didat$2                DATA
 0002:00004354 00000020H .didat$3                DATA
 0002:00004374 00000034H .didat$4                DATA
 0002:000043a8 000002faH .didat$6                DATA
 0002:000046a4 00000034H .didat$7                DATA
 0002:000046e0 0000004eH .edata                  DATA
 0002:00004730 00000028H .idata$2                DATA
 0002:00004758 00000014H .idata$3                DATA
 0002:0000476c 0000010cH .idata$4                DATA
 0002:00004878 000004c2H .idata$6                DATA
 0003:00000000 000011e4H .data                   DATA
 0003:000011e4 00000034H .didat$5                DATA
 0003:00001220 00001e60H .bss                    DATA
 0004:00000000 00000058H .rsrc$01                DATA
 0004:00000060 00000180H .rsrc$02                DATA

  Address         Publics by Value              Rva+Base       Lib:Object

 0000:00000000       ___guard_fids_count        00000000     <absolute>
 0000:00000000       ___guard_flags             00000000     <absolute>
 0000:00000000       __except_list              00000000     <absolute>
 0000:00000000       ___guard_fids_table        00000000     <absolute>
 0000:00000003       ___safe_se_handler_count   00000003     <absolute>
 0000:00000000       ___ImageBase               10000000     <linker-defined>
 0001:00000020       ?NODE_SET_METHOD@node@@YAXV?$Local@VObject@v8@@@v8@@PBDP6AXABV?$FunctionCallbackInfo@VValue@v8@@@3@@Z@Z 10001020 f i hello.obj
 0001:000000c0       ?Method@demo@@YAXABV?$FunctionCallbackInfo@VValue@v8@@@v8@@@Z 100010c0 f   hello.obj
 0001:00000110       ?Method1@demo@@YAXABV?$FunctionCallbackInfo@VValue@v8@@@v8@@@Z 10001110 f   hello.obj
 0001:00000180       ?CreateObject@demo@@YAXABV?$FunctionCallbackInfo@VValue@v8@@@v8@@@Z 10001180 f   hello.obj
 0001:00000210       ?MyFunction@demo@@YAXABV?$FunctionCallbackInfo@VValue@v8@@@v8@@@Z 10001210 f   hello.obj
 0001:00000250       ?CreateFunction@demo@@YAXABV?$FunctionCallbackInfo@VValue@v8@@@v8@@@Z 10001250 f   hello.obj
 0001:000002d0       ?Init@demo@@YAXV?$Local@VObject@v8@@@v8@@@Z 100012d0 f   hello.obj
 0001:0000037b       __imp_load__node_module_register 1000137b f   node:node.exe
 0001:00000385       __tailMerge_node_exe       10001385 f i node:node.exe
 0001:00000396       __imp_load_?GetFunction@FunctionTemplate@v8@@QAE?AV?$Local@VFunction@v8@@@2@XZ 10001396 f   node:node.exe
 0001:000003a0       __imp_load_?New@FunctionTemplate@v8@@SA?AV?$Local@VFunctionTemplate@v8@@@2@PAVIsolate@2@P6AXABV?$FunctionCallbackInfo@VValue@v8@@@2@@ZV?$Local@VValue@v8@@@2@V?$Local@VSignature@v8@@@2@H@Z 100013a0 f   node:node.exe
 0001:000003aa       __imp_load_?NewFromUtf8@String@v8@@SA?AV?$Local@VString@v8@@@2@PAVIsolate@2@PBDW4NewStringType@12@H@Z 100013aa f   node:node.exe
 0001:000003b4       __imp_load_??1HandleScope@v8@@QAE@XZ 100013b4 f   node:node.exe
 0001:000003be       __imp_load_??0HandleScope@v8@@QAE@PAVIsolate@1@@Z 100013be f   node:node.exe
 0001:000003c8       __imp_load_?New@Object@v8@@SA?AV?$Local@VObject@v8@@@2@PAVIsolate@2@@Z 100013c8 f   node:node.exe
 0001:000003d2       __imp_load_?Set@Object@v8@@QAE_NV?$Local@VValue@v8@@@2@0@Z 100013d2 f   node:node.exe
 0001:000003dc       __imp_load_?SetName@Function@v8@@QAEXV?$Local@VString@v8@@@2@@Z 100013dc f   node:node.exe
 0001:000003e6       __imp_load_?Call@Function@v8@@QAE?AV?$Local@VValue@v8@@@2@V32@HQAV32@@Z 100013e6 f   node:node.exe
 0001:000003f0       __imp_load_?GetCurrent@Isolate@v8@@SAPAV12@XZ 100013f0 f   node:node.exe
 0001:000003fa       __imp_load_?ToString@Value@v8@@QBE?AV?$Local@VString@v8@@@2@XZ 100013fa f   node:node.exe
 0001:00000404       @__security_check_cookie@4 10001404 f   LIBCMT:secchk.obj
 0001:00000413       ??0_LocaleUpdate@@QAE@PAUlocaleinfo_struct@@@Z 10001413 f i LIBCMT:stricmp.obj
 0001:0000049b       ___ascii_stricmp           1000149b f   LIBCMT:stricmp.obj
 0001:000004d4       __stricmp                  100014d4 f   LIBCMT:stricmp.obj
 0001:0000051b       __stricmp_l                1000151b f   LIBCMT:stricmp.obj
 0001:000005b0       __CRT_INIT@12              100015b0 f   LIBCMT:dllcrt0.obj
 0001:00000722       __DllMainCRTStartup@12     10001722 f   LIBCMT:dllcrt0.obj
 0001:00000853       ___DllXcptFilter           10001853 f   LIBCMT:dllcrt0.obj
 0001:00000878       ___raise_securityfailure   10001878 f   LIBCMT:gs_report.obj
 0001:000008b5       ___report_gsfailure        100018b5 f   LIBCMT:gs_report.obj
 0001:000009b0       __CIsqrt                   100019b0 f   LIBCMT:sqrt.obj
 0001:000009c4       _sqrt                      100019c4     LIBCMT:sqrt.obj
 0001:00000a6a       __decomp                   10001a6a f   LIBCMT:util.obj
 0001:00000b3c       __set_exp                  10001b3c f   LIBCMT:util.obj
 0001:00000b6b       __handle_exc               10001b6b f   LIBCMT:fpexcept.obj
 0001:00000d49       __raise_exc                10001d49 f   LIBCMT:fpexcept.obj
 0001:00000d6a       __raise_exc_ex             10001d6a f   LIBCMT:fpexcept.obj
 0001:0000104f       __set_errno_from_matherr   1000204f f   LIBCMT:fpexcept.obj
 0001:0000107c       ___set_fpsr_sse2           1000207c f   LIBCMT:fpctrl.obj
 0001:000010f2       __clrfp                    100020f2 f   LIBCMT:fpctrl.obj
 0001:00001103       __ctrlfp                   10002103 f   LIBCMT:fpctrl.obj
 0001:0000112e       __set_statfp               1000212e f   LIBCMT:fpctrl.obj
 0001:00001186       __statfp                   10002186 f   LIBCMT:fpctrl.obj
 0001:00001196       __fpmath                   10002196 f   LIBCMT:fpinit.obj
 0001:000011ad       __cfltcvt_init             100021ad f   LIBCMT:fpinit.obj
 0001:0000120d       __call_reportfault         1000220d f   LIBCMT:invarg.obj
 0001:00001332       __initp_misc_invarg        10002332 f   LIBCMT:invarg.obj
 0001:0000133f       __invalid_parameter        1000233f f   LIBCMT:invarg.obj
 0001:0000136a       __invalid_parameter_noinfo 1000236a f   LIBCMT:invarg.obj
 0001:0000137a       __invoke_watson            1000237a f   LIBCMT:invarg.obj
 0001:000013a5       ___addlocaleref            100023a5 f   LIBCMT:localref.obj
 0001:0000143a       ___freetlocinfo            1000243a f   LIBCMT:localref.obj
 0001:00001594       ___removelocaleref         10002594 f   LIBCMT:localref.obj
 0001:00001634       ___updatetlocinfo          10002634 f   LIBCMT:localref.obj
 0001:000016b4       __updatetlocinfoEx_nolock  100026b4 f   LIBCMT:localref.obj
 0001:000016ff       ___initmbctable            100026ff f   LIBCMT:mbctype.obj
 0001:000019b6       ___updatetmbcinfo          100029b6 f   LIBCMT:mbctype.obj
 0001:00001a5c       __setmbcp                  10002a5c f   LIBCMT:mbctype.obj
 0001:00001c04       __setmbcp_nolock           10002c04 f   LIBCMT:mbctype.obj
 0001:00001def       __tolower_l                10002def f   LIBCMT:tolower.obj
 0001:00001f32       _tolower                   10002f32 f   LIBCMT:tolower.obj
 0001:00001f5e       __freefls@4                10002f5e f   LIBCMT:tidtable.obj
 0001:00002093       __freeptd                  10003093 f   LIBCMT:tidtable.obj
 0001:000020c9       __getptd                   100030c9 f   LIBCMT:tidtable.obj
 0001:000020e1       __getptd_noexit            100030e1 f   LIBCMT:tidtable.obj
 0001:00002150       __initptd                  10003150 f   LIBCMT:tidtable.obj
 0001:00002203       __mtinit                   10003203 f   LIBCMT:tidtable.obj
 0001:00002279       __mtterm                   10003279 f   LIBCMT:tidtable.obj
 0001:00002296       ___doserrno                10003296 f   LIBCMT:dosmap.obj
 0001:000022a9       __dosmaperr                100032a9 f   LIBCMT:dosmap.obj
 0001:000022ca       __errno                    100032ca f   LIBCMT:dosmap.obj
 0001:000022dd       __get_errno_from_oserr     100032dd f   LIBCMT:dosmap.obj
 0001:0000231e       __locterm                  1000331e f   LIBCMT:wsetloca.obj
 0001:00002370       __XcptFilter               10003370 f   LIBCMT:winxfltr.obj
 0001:000024cb       ___CppXcptFilter           100034cb f   LIBCMT:winxfltr.obj
 0001:000024e9       ___crtCorExitProcess       100034e9 f   LIBCMT:crt0dat.obj
 0001:0000251d       ___crtExitProcess          1000351d f   LIBCMT:crt0dat.obj
 0001:00002533       ___freeCrtMemory           10003533 f   LIBCMT:crt0dat.obj
 0001:00002640       __amsg_exit                10003640 f   LIBCMT:crt0dat.obj
 0001:0000265c       __cexit                    1000365c f   LIBCMT:crt0dat.obj
 0001:0000266b       __cinit                    1000366b f   LIBCMT:crt0dat.obj
 0001:000026ef       __exit                     100036ef f   LIBCMT:crt0dat.obj
 0001:00002703       __init_pointers            10003703 f   LIBCMT:crt0dat.obj
 0001:00002771       __initterm_e               10003771 f   LIBCMT:crt0dat.obj
 0001:00002793       __lockexit                 10003793 f   LIBCMT:crt0dat.obj
 0001:0000279c       __unlockexit               1000379c f   LIBCMT:crt0dat.obj
 0001:000028d4       __heap_init                100038d4 f   LIBCMT:heapinit.obj
 0001:000028e9       __heap_term                100038e9 f   LIBCMT:heapinit.obj
 0001:000028f1       __ioinit                   100038f1 f   LIBCMT:ioinit.obj
 0001:00002ba5       __ioterm                   10003ba5 f   LIBCMT:ioinit.obj
 0001:00002bf7       __setargv                  10003bf7 f   LIBCMT:stdargv.obj
 0001:00002e26       __setenvp                  10003e26 f   LIBCMT:stdenvp.obj
 0001:00002f07       _free                      10003f07 f   LIBCMT:free.obj
 0001:00002f3f       ___security_init_cookie    10003f3f f   LIBCMT:gs_support.obj
 0001:00002fdb       _DllMain@12                10003fdb f   LIBCMT:dllmain.obj
 0001:00002fe1       ___crtGetEnvironmentStringsA 10003fe1 f   LIBCMT:a_env.obj
 0001:0000306e       ___crtFlsAlloc             1000406e f   LIBCMT:winapisupp.obj
 0001:0000308c       ___crtFlsFree              1000408c f   LIBCMT:winapisupp.obj
 0001:000030ab       ___crtFlsGetValue          100040ab f   LIBCMT:winapisupp.obj
 0001:000030ca       ___crtFlsSetValue          100040ca f   LIBCMT:winapisupp.obj
 0001:000030ec       ___crtInitializeCriticalSectionEx 100040ec f   LIBCMT:winapisupp.obj
 0001:0000311a       ___crtIsPackagedApp        1000411a f   LIBCMT:winapisupp.obj
 0001:0000315a       ___crtLoadWinApiPointers   1000415a f   LIBCMT:winapisupp.obj
 0001:000033e5       ___crtSleep                100043e5 f   LIBCMT:winapisupp.obj
 0001:000033f3       ___crtTerminateProcess     100043f3 f   LIBCMT:winapisupp.obj
 0001:00003408       ___crtUnhandledException   10004408 f   LIBCMT:winapisupp.obj
 0001:0000341e       __calloc_crt               1000441e f   LIBCMT:crtheap.obj
 0001:00003466       __malloc_crt               10004466 f   LIBCMT:crtheap.obj
 0001:000034ad       __realloc_crt              100044ad f   LIBCMT:crtheap.obj
 0001:000034f7       __RTC_Initialize           100044f7 f   LIBCMT:initsect.obj
 0001:00003517       __RTC_Terminate            10004517 f   LIBCMT:initsect.obj
 0001:00003540       __SEH_prolog4              10004540 f   LIBCMT:sehprolg4.obj
 0001:00003585       __SEH_epilog4              10004585 f   LIBCMT:sehprolg4.obj
 0001:000035a0       __except_handler4          100045a0 f   LIBCMT:chandler4.obj
 0001:00003734       __crt_debugger_hook        10004734 f   LIBCMT:dbghook.obj
 0001:00003740       __trandisp1                10004740 f   LIBCMT:87disp.obj
 0001:000037a7       __trandisp2                100047a7 f   LIBCMT:87disp.obj
 0001:00003833       __rttospopde               10004833     LIBCMT:87disp.obj
 0001:00003838       __rttospop                 10004838     LIBCMT:87disp.obj
 0001:0000383a       __rtnospop                 1000483a     LIBCMT:87disp.obj
 0001:0000383c       __rttosnpop                1000483c     LIBCMT:87disp.obj
 0001:0000383d       __rtnospopde               1000483d     LIBCMT:87disp.obj
 0001:00003844       __rtzeropop                10004844     LIBCMT:87disp.obj
 0001:00003846       __rtzeronpop               10004846     LIBCMT:87disp.obj
 0001:0000384b       __rtonepop                 1000484b     LIBCMT:87disp.obj
 0001:0000384d       __rtonenpop                1000484d     LIBCMT:87disp.obj
 0001:00003852       __tosnan1                  10004852     LIBCMT:87disp.obj
 0001:0000387d       __nosnan2                  1000487d     LIBCMT:87disp.obj
 0001:0000387f       __tosnan2                  1000487f     LIBCMT:87disp.obj
 0001:000038a7       __nan2                     100048a7     LIBCMT:87disp.obj
 0001:000038e6       __rtindfpop                100048e6     LIBCMT:87disp.obj
 0001:000038e8       __rtindfnpop               100048e8     LIBCMT:87disp.obj
 0001:000038f9       __rttosnpopde              100048f9     LIBCMT:87disp.obj
 0001:00003903       __rtchsifneg               10004903     LIBCMT:87disp.obj
 0001:00003910       __startTwoArgErrorHandling 10004910 f   LIBCMT:genexcep.obj
 0001:00003927       __startOneArgErrorHandling 10004927 f   LIBCMT:genexcep.obj
 0001:00003970       __twoToTOS                 10004970 f   LIBCMT:common.obj
 0001:00003985       __load_CW                  10004985 f   LIBCMT:common.obj
 0001:0000399c       __convertTOStoQNaN         1000499c f   LIBCMT:common.obj
 0001:000039b5       __fload_withFB             100049b5 f   LIBCMT:common.obj
 0001:000039f8       __checkTOS_withFB          100049f8 f   LIBCMT:common.obj
 0001:00003a0e       __fast_exit                10004a0e f   LIBCMT:common.obj
 0001:00003a1b       __math_exit                10004a1b f   LIBCMT:common.obj
 0001:00003a45       __check_overflow_exit      10004a45 f   LIBCMT:common.obj
 0001:00003a59       __check_range_exit         10004a59 f   LIBCMT:common.obj
 0001:00003afc       __matherr                  10004afc f   LIBCMT:matherr.obj
 0001:00003aff       ___isa_available_init      10004aff f   LIBCMT:cpu_disp.obj
 0001:00003c78       __cfltcvt                  10004c78 f   LIBCMT:cvt.obj
 0001:00003c99       __cfltcvt_l                10004c99 f   LIBCMT:cvt.obj
 0001:00003d1f       __cftoa_l                  10004d1f f   LIBCMT:cvt.obj
 0001:0000407b       __cftoe                    1000507b f   LIBCMT:cvt.obj
 0001:000041ea       __cftoe_l                  100051ea f   LIBCMT:cvt.obj
 0001:000043a4       __cftof_l                  100053a4 f   LIBCMT:cvt.obj
 0001:00004465       __cftog_l                  10005465 f   LIBCMT:cvt.obj
 0001:00004564       __cropzeros                10005564 f   LIBCMT:cvt.obj
 0001:00004575       __cropzeros_l              10005575 f   LIBCMT:cvt.obj
 0001:000045f5       __fassign                  100055f5 f   LIBCMT:cvt.obj
 0001:0000460d       __fassign_l                1000560d f   LIBCMT:cvt.obj
 0001:0000464f       __forcdecpt                1000564f f   LIBCMT:cvt.obj
 0001:00004660       __forcdecpt_l              10005660 f   LIBCMT:cvt.obj
 0001:000046d4       __positive                 100056d4 f   LIBCMT:cvt.obj
 0001:00004716       __setdefaultprecision      10005716 f   LIBCMT:fp8.obj
 0001:0000473d       __initp_misc_cfltcvt_tab   1000573d f   LIBCMT:cmiscdat.obj
 0001:00004760       _memset                    10005760 f   LIBCMT:memset.obj
 0001:000047f0       __lock                     100057f0 f   LIBCMT:mlock.obj
 0001:00004824       __mtdeletelocks            10005824 f   LIBCMT:mlock.obj
 0001:00004878       __mtinitlocknum            10005878 f   LIBCMT:mlock.obj
 0001:00004921       __mtinitlocks              10005921 f   LIBCMT:mlock.obj
 0001:0000495a       __unlock                   1000595a f   LIBCMT:mlock.obj
 0001:0000496f       ___free_lconv_mon          1000596f f   LIBCMT:initmon.obj
 0001:00004a6b       ___free_lconv_num          10005a6b f   LIBCMT:initnum.obj
 0001:00004ad2       ___free_lc_time            10005ad2 f   LIBCMT:inittime.obj
 0001:00005056       ___crtLCMapStringA         10006056 f   LIBCMT:a_map.obj
 0001:0000509c       __freea                    1000609c f i LIBCMT:a_map.obj
 0001:000051b2       ___crtGetStringTypeA       100061b2 f   LIBCMT:a_str.obj
 0001:000051f2       __isctype_l                100061f2 f   LIBCMT:isctype.obj
 0001:000052a3       __isleadbyte_l             100062a3 f i LIBCMT:_wctype.obj
 0001:000052dd       _isleadbyte                100062dd f i LIBCMT:_wctype.obj
 0001:000052f0       _memcpy                    100062f0 f   LIBCMT:memcpy.obj
 0001:00005934       _wcscat_s                  10006934 f   LIBCMT:wcscat_s.obj
 0001:000059a0       _wcscpy_s                  100069a0 f   LIBCMT:wcscpy_s.obj
 0001:000059fc       _wcslen                    100069fc f   LIBCMT:wcslen.obj
 0001:00005a15       _wcsncpy_s                 10006a15 f   LIBCMT:wcsncpy_s.obj
 0001:00005ad3       _GetTableIndexFromLocaleName 10006ad3 f   LIBCMT:winapinls.obj
 0001:00005b21       ___crtDownlevelLocaleNameToLCID 10006b21 f   LIBCMT:winapinls.obj
 0001:00005b4b       ___crtLCMapStringEx        10006b4b f   LIBCMT:winapinls.obj
 0001:00005b97       ___wcsnicmp_ascii          10006b97 f   LIBCMT:winapinls.obj
 0001:00005c05       __FF_MSGBANNER             10006c05 f   LIBCMT:crt0msg.obj
 0001:00005c3e       __GET_RTERRMSG             10006c3e f   LIBCMT:crt0msg.obj
 0001:00005c62       __NMSG_WRITE               10006c62 f   LIBCMT:crt0msg.obj
 0001:00005e20       __FindPESection            10006e20 f   LIBCMT:pesect.obj
 0001:00005e70       __IsNonwritableInCurrentImage 10006e70 f   LIBCMT:pesect.obj
 0001:00005f30       __ValidateImageBase        10006f30 f   LIBCMT:pesect.obj
 0001:00005f61       ___onexitinit              10006f61 f   LIBCMT:onexit.obj
 0001:00005f90       __onexit                   10006f90 f   LIBCMT:onexit.obj
 0001:0000608c       _atexit                    1000708c f   LIBCMT:onexit.obj
 0001:000060a1       ?terminate@@YAXXZ          100070a1 f   LIBCMT:hooks.obj
 0001:000060d5       __initp_eh_hooks           100070d5 f   LIBCMT:hooks.obj
 0001:000060e6       __callnewh                 100070e6 f   LIBCMT:handler.obj
 0001:0000610c       __initp_heap_handler       1000710c f   LIBCMT:handler.obj
 0001:00006119       __initp_misc_purevirt      10007119 f   LIBCMT:inithelp.obj
 0001:00006126       ___get_sigabrt             10007126 f   LIBCMT:winsig.obj
 0001:00006133       __initp_misc_winsig        10007133 f   LIBCMT:winsig.obj
 0001:0000614f       _raise                     1000714f f   LIBCMT:winsig.obj
 0001:00006344       __initp_misc_rand_s        10007344 f   LIBCMT:rand_s.obj
 0001:00006360       __local_unwind4            10007360 f   LIBCMT:exsup4.obj
 0001:00006436       __seh_longjmp_unwind4@4    10007436 f   LIBCMT:exsup4.obj
 0001:00006452       @_EH4_CallFilterFunc@8     10007452 f   LIBCMT:exsup4.obj
 0001:00006469       @_EH4_TransferToHandler@8  10007469 f   LIBCMT:exsup4.obj
 0001:00006482       @_EH4_GlobalUnwind2@8      10007482 f   LIBCMT:exsup4.obj
 0001:0000649b       @_EH4_LocalUnwind@16       1000749b f   LIBCMT:exsup4.obj
 0001:000064b2       ___initstdio               100074b2 f   LIBCMT:_file.obj
 0001:00006525       ___endstdio                10007525 f   LIBCMT:_file.obj
 0001:0000654c       __lock_file                1000754c f   LIBCMT:_file.obj
 0001:0000658b       __lock_file2               1000758b f   LIBCMT:_file.obj
 0001:000065bb       __unlock_file              100075bb f   LIBCMT:_file.obj
 0001:000065f5       __unlock_file2             100075f5 f   LIBCMT:_file.obj
 0001:0000667c       __ismbblead                1000767c f   LIBCMT:ismbbyte.obj
 0001:00006692       _strcpy_s                  10007692 f   LIBCMT:strcpy_s.obj
 0001:000066f0       _strlen                    100076f0 f   LIBCMT:strlen.obj
 0001:0000677b       _malloc                    1000777b f   LIBCMT:malloc.obj
 0001:0000680d       _realloc                   1000780d f   LIBCMT:realloc.obj
 0001:000068b8       __calloc_impl              100078b8 f   LIBCMT:calloc_impl.obj
 0001:00006932       __87except                 10007932 f   LIBCMT:87except.obj
 0001:00006a3b       __isdigit_l                10007a3b f i LIBCMT:_ctype.obj
 0001:00006a8d       _isdigit                   10007a8d f i LIBCMT:_ctype.obj
 0001:00006ac0       _memmove                   10007ac0 f   LIBCMT:memmove.obj
 0001:00007110       _strrchr                   10008110 f   LIBCMT:strrchr.obj
 0001:00007247       __fptostr                  10008247 f   LIBCMT:_fptostr.obj
 0001:000072f7       ___crt_atoflt_l            100082f7 f   LIBCMT:atodbl.obj
 0001:0000739b       __atodbl_l                 1000839b f   LIBCMT:atodbl.obj
 0001:00007429       __atoflt_l                 10008429 f   LIBCMT:atodbl.obj
 0001:00007441       ___dtold                   10008441 f   LIBCMT:cfout.obj
 0001:00007509       __fltout2                  10008509 f   LIBCMT:cfout.obj
 0001:000075a0       __alldvrm                  100085a0 f   LIBCMT:lldvrm.obj
 0001:00007680       __aullshr                  10008680 f   LIBCMT:ullshr.obj
 0001:0000769f       __controlfp_s              1000869f f   LIBCMT:contrlfp.obj
 0001:000076fc       __fptrap                   100086fc f   LIBCMT:crt0fp.obj
 0001:00007705       __VEC_memset               10008705 f   LIBCMT:p4_memset.obj
 0001:000077d0       __alloca_probe_16          100087d0 f   LIBCMT:alloca16.obj
 0001:000077e6       __alloca_probe_8           100087e6     LIBCMT:alloca16.obj
 0001:000077fc       __set_error_mode           100087fc f   LIBCMT:errmode.obj
 0001:0000783c       ___crtMessageBoxW          1000883c f   LIBCMT:crtmboxw.obj
 0001:00007a22       __msize                    10008a22 f   LIBCMT:msize.obj
 0001:00007a53       _abort                     10008a53 f   LIBCMT:abort.obj
 0001:00007a96       __fileno                   10008a96 f   LIBCMT:fileno.obj
 0001:00007aba       __isatty                   10008aba f   LIBCMT:isatty.obj
 0001:00007b0e       __fflush_nolock            10008b0e f   LIBCMT:fflush.obj
 0001:00007b54       __flush                    10008b54 f   LIBCMT:fflush.obj
 0001:00007bb8       __flushall                 10008bb8 f   LIBCMT:fflush.obj
 0001:00007cb0       __global_unwind2           10008cb0 f   LIBCMT:exsup.obj
 0001:00007d15       __local_unwind2            10008d15 f   LIBCMT:exsup.obj
 0001:00007d99       __abnormal_termination     10008d99 f   LIBCMT:exsup.obj
 0001:00007dbc       __NLG_Notify1              10008dbc f   LIBCMT:exsup.obj
 0001:00007dc5       __NLG_Notify               10008dc5 f   LIBCMT:exsup.obj
 0001:00007ddc       __NLG_Dispatch             10008ddc     LIBCMT:exsup.obj
 0001:00007ddc       __NLG_Dispatch2            10008ddc     LIBCMT:exsup.obj
 0001:00007de4       __NLG_Call                 10008de4 f   LIBCMT:exsup.obj
 0001:00007de6       __NLG_Return2              10008de6     LIBCMT:exsup.obj
 0001:00007de7       __fcloseall                10008de7 f   LIBCMT:closeall.obj
 0001:00007e84       __ld12tod                  10008e84 f   LIBCMT:intrncvt.obj
 0001:000083f6       __ld12tof                  100093f6 f   LIBCMT:intrncvt.obj
 0001:00008968       ___strgtold12_l            10009968 f   LIBCMT:strgtold.obj
 0001:00009110       _$I10_OUTPUT               1000a110 f   LIBCMT:x10fout.obj
 0001:00009b8d       __control87                1000ab8d f i LIBCMT:ieee87.obj
 0001:00009f30       __chkstk                   1000af30 f   LIBCMT:chkstk.obj
 0001:00009f30       __alloca_probe             1000af30 f   LIBCMT:chkstk.obj
 0001:00009f60       __aulldvrm                 1000af60 f   LIBCMT:ulldvrm.obj
 0001:00009ff5       __commit                   1000aff5 f   LIBCMT:commit.obj
 0001:0000a0de       __write                    1000b0de f   LIBCMT:write.obj
 0001:0000a1cd       __write_nolock             1000b1cd f   LIBCMT:write.obj
 0001:0000aa32       __fclose_nolock            1000ba32 f   LIBCMT:fclose.obj
 0001:0000aa9e       _fclose                    1000ba9e f   LIBCMT:fclose.obj
 0001:0000ab15       ___mtold12                 1000bb15 f   LIBCMT:mantold.obj
 0001:0000ad00       __allmul                   1000bd00 f   LIBCMT:llmul.obj
 0001:0000ad34       ___lock_fhandle            1000bd34 f   LIBCMT:osfinfo.obj
 0001:0000adc2       __free_osfhnd              1000bdc2 f   LIBCMT:osfinfo.obj
 0001:0000ae48       __get_osfhandle            1000be48 f   LIBCMT:osfinfo.obj
 0001:0000aeaf       __unlock_fhandle           1000beaf f   LIBCMT:osfinfo.obj
 0001:0000aed5       __lseeki64_nolock          1000bed5 f   LIBCMT:lseeki64.obj
 0001:0000af48       __mbtowc_l                 1000bf48 f   LIBCMT:mbtowc.obj
 0001:0000b03d       _mbtowc                    1000c03d f   LIBCMT:mbtowc.obj
 0001:0000b055       __putwch_nolock            1000c055 f   LIBCMT:putwch.obj
 0001:0000b098       __close                    1000c098 f   LIBCMT:close.obj
 0001:0000b173       __close_nolock             1000c173 f   LIBCMT:close.obj
 0001:0000b20d       __freebuf                  1000c20d f   LIBCMT:_freebuf.obj
 0001:0000b240       ___termconout              1000c240 f   LIBCMT:initcon.obj
 0001:0000b257       ___initconout              1000c257 f   LIBCMT:initcon.obj
 0001:0000b276       _IsProcessorFeaturePresent@4 1000c276 f   kernel32:KERNEL32.dll
 0001:0000b27c       _RtlUnwind@16              1000c27c f   kernel32:KERNEL32.dll
 0001:0000b282       ___delayLoadHelper2@8      1000c282 f   DelayImp:delayhlp.obj
 0002:00000000       __imp__GetModuleHandleA@4  1000d000     kernel32:KERNEL32.dll
 0002:00000004       __imp__CreateFileW@28      1000d004     kernel32:KERNEL32.dll
 0002:00000008       __imp__CloseHandle@4       1000d008     kernel32:KERNEL32.dll
 0002:0000000c       __imp__GetCommandLineA@0   1000d00c     kernel32:KERNEL32.dll
 0002:00000010       __imp__GetCurrentThreadId@0 1000d010     kernel32:KERNEL32.dll
 0002:00000014       __imp__IsDebuggerPresent@0 1000d014     kernel32:KERNEL32.dll
 0002:00000018       __imp__IsProcessorFeaturePresent@4 1000d018     kernel32:KERNEL32.dll
 0002:0000001c       __imp__RaiseException@16   1000d01c     kernel32:KERNEL32.dll
 0002:00000020       __imp__EncodePointer@4     1000d020     kernel32:KERNEL32.dll
 0002:00000024       __imp__DecodePointer@4     1000d024     kernel32:KERNEL32.dll
 0002:00000028       __imp__IsValidCodePage@4   1000d028     kernel32:KERNEL32.dll
 0002:0000002c       __imp__GetACP@0            1000d02c     kernel32:KERNEL32.dll
 0002:00000030       __imp__GetOEMCP@0          1000d030     kernel32:KERNEL32.dll
 0002:00000034       __imp__GetCPInfo@8         1000d034     kernel32:KERNEL32.dll
 0002:00000038       __imp__GetLastError@0      1000d038     kernel32:KERNEL32.dll
 0002:0000003c       __imp__SetLastError@4      1000d03c     kernel32:KERNEL32.dll
 0002:00000040       __imp__MultiByteToWideChar@24 1000d040     kernel32:KERNEL32.dll
 0002:00000044       __imp__ExitProcess@4       1000d044     kernel32:KERNEL32.dll
 0002:00000048       __imp__GetModuleHandleExW@12 1000d048     kernel32:KERNEL32.dll
 0002:0000004c       __imp__GetProcAddress@8    1000d04c     kernel32:KERNEL32.dll
 0002:00000050       __imp__WideCharToMultiByte@32 1000d050     kernel32:KERNEL32.dll
 0002:00000054       __imp__GetProcessHeap@0    1000d054     kernel32:KERNEL32.dll
 0002:00000058       __imp__GetStdHandle@4      1000d058     kernel32:KERNEL32.dll
 0002:0000005c       __imp__GetFileType@4       1000d05c     kernel32:KERNEL32.dll
 0002:00000060       __imp__DeleteCriticalSection@4 1000d060     kernel32:KERNEL32.dll
 0002:00000064       __imp__GetStartupInfoW@4   1000d064     kernel32:KERNEL32.dll
 0002:00000068       __imp__GetModuleFileNameA@12 1000d068     kernel32:KERNEL32.dll
 0002:0000006c       __imp__HeapFree@12         1000d06c     kernel32:KERNEL32.dll
 0002:00000070       __imp__QueryPerformanceCounter@4 1000d070     kernel32:KERNEL32.dll
 0002:00000074       __imp__GetCurrentProcessId@0 1000d074     kernel32:KERNEL32.dll
 0002:00000078       __imp__GetSystemTimeAsFileTime@4 1000d078     kernel32:KERNEL32.dll
 0002:0000007c       __imp__GetEnvironmentStringsW@0 1000d07c     kernel32:KERNEL32.dll
 0002:00000080       __imp__FreeEnvironmentStringsW@4 1000d080     kernel32:KERNEL32.dll
 0002:00000084       __imp__UnhandledExceptionFilter@4 1000d084     kernel32:KERNEL32.dll
 0002:00000088       __imp__SetUnhandledExceptionFilter@4 1000d088     kernel32:KERNEL32.dll
 0002:0000008c       __imp__InitializeCriticalSectionAndSpinCount@8 1000d08c     kernel32:KERNEL32.dll
 0002:00000090       __imp__Sleep@4             1000d090     kernel32:KERNEL32.dll
 0002:00000094       __imp__GetCurrentProcess@0 1000d094     kernel32:KERNEL32.dll
 0002:00000098       __imp__TerminateProcess@8  1000d098     kernel32:KERNEL32.dll
 0002:0000009c       __imp__TlsAlloc@0          1000d09c     kernel32:KERNEL32.dll
 0002:000000a0       __imp__TlsGetValue@4       1000d0a0     kernel32:KERNEL32.dll
 0002:000000a4       __imp__TlsSetValue@8       1000d0a4     kernel32:KERNEL32.dll
 0002:000000a8       __imp__TlsFree@4           1000d0a8     kernel32:KERNEL32.dll
 0002:000000ac       __imp__GetModuleHandleW@4  1000d0ac     kernel32:KERNEL32.dll
 0002:000000b0       __imp__EnterCriticalSection@4 1000d0b0     kernel32:KERNEL32.dll
 0002:000000b4       __imp__LeaveCriticalSection@4 1000d0b4     kernel32:KERNEL32.dll
 0002:000000b8       __imp__GetStringTypeW@16   1000d0b8     kernel32:KERNEL32.dll
 0002:000000bc       __imp__LCMapStringW@24     1000d0bc     kernel32:KERNEL32.dll
 0002:000000c0       __imp__WriteFile@20        1000d0c0     kernel32:KERNEL32.dll
 0002:000000c4       __imp__GetModuleFileNameW@12 1000d0c4     kernel32:KERNEL32.dll
 0002:000000c8       __imp__FreeLibrary@4       1000d0c8     kernel32:KERNEL32.dll
 0002:000000cc       __imp__LoadLibraryExW@12   1000d0cc     kernel32:KERNEL32.dll
 0002:000000d0       __imp__RtlUnwind@16        1000d0d0     kernel32:KERNEL32.dll
 0002:000000d4       __imp__HeapAlloc@12        1000d0d4     kernel32:KERNEL32.dll
 0002:000000d8       __imp__HeapReAlloc@16      1000d0d8     kernel32:KERNEL32.dll
 0002:000000dc       __imp__OutputDebugStringW@4 1000d0dc     kernel32:KERNEL32.dll
 0002:000000e0       __imp__HeapSize@12         1000d0e0     kernel32:KERNEL32.dll
 0002:000000e4       __imp__FlushFileBuffers@4  1000d0e4     kernel32:KERNEL32.dll
 0002:000000e8       __imp__GetConsoleCP@0      1000d0e8     kernel32:KERNEL32.dll
 0002:000000ec       __imp__GetConsoleMode@8    1000d0ec     kernel32:KERNEL32.dll
 0002:000000f0       __imp__SetStdHandle@8      1000d0f0     kernel32:KERNEL32.dll
 0002:000000f4       __imp__SetFilePointerEx@20 1000d0f4     kernel32:KERNEL32.dll
 0002:000000f8       __imp__WriteConsoleW@20    1000d0f8     kernel32:KERNEL32.dll
 0002:000000fc       __imp__LoadLibraryExA@12   1000d0fc     kernel32:KERNEL32.dll
 0002:00000100       \177KERNEL32_NULL_THUNK_DATA 1000d100     kernel32:KERNEL32.dll
 0002:00000104       __imp__FindWindowA@8       1000d104     user32:USER32.dll
 0002:00000108       \177USER32_NULL_THUNK_DATA 1000d108     user32:USER32.dll
 0002:0000010c       ___xc_a                    1000d10c     LIBCMT:crt0init.obj
 0002:00000118       __register_addon_          1000d118     hello.obj
 0002:0000011c       ___xc_z                    1000d11c     LIBCMT:crt0init.obj
 0002:00000120       ___xi_a                    1000d120     LIBCMT:crt0init.obj
 0002:00000134       ___xi_z                    1000d134     LIBCMT:crt0init.obj
 0002:00000138       ___xp_a                    1000d138     LIBCMT:crt0init.obj
 0002:00000148       ___xp_z                    1000d148     LIBCMT:crt0init.obj
 0002:0000014c       ___xt_a                    1000d14c     LIBCMT:crt0init.obj
 0002:00000150       ___xt_z                    1000d150     LIBCMT:crt0init.obj
 0002:000001a0       __sz_node_exe              1000d1a0     node:node.exe
 0002:000001ac       __pRawDllMain              1000d1ac     LIBCMT:dllcrt0.obj
 0002:000001ac       __pDefaultRawDllMain       1000d1ac     LIBCMT:dllcrt0.obj
 0002:000001b8       ??_C@_04FJHINJAO@tanh?$AA@ 1000d1b8     LIBCMT:fpexcept.obj
 0002:000001c0       ??_C@_04FIHNOPOL@asin?$AA@ 1000d1c0     LIBCMT:fpexcept.obj
 0002:000001c8       ??_C@_04PDIFKINK@acos?$AA@ 1000d1c8     LIBCMT:fpexcept.obj
 0002:000001d0       ??_C@_04MLLJIGOK@atan?$AA@ 1000d1d0     LIBCMT:fpexcept.obj
 0002:000001d8       ??_C@_05KNGEOGJB@atan2?$AA@ 1000d1d8     LIBCMT:fpexcept.obj
 0002:000001e0       ??_C@_04EIAKFFMI@sqrt?$AA@ 1000d1e0     LIBCMT:fpexcept.obj
 0002:000001e8       ??_C@_03BLEJJJBH@sin?$AA@  1000d1e8     LIBCMT:fpexcept.obj
 0002:000001ec       ??_C@_03LALBNOCG@cos?$AA@  1000d1ec     LIBCMT:fpexcept.obj
 0002:000001f0       ??_C@_03IIINPABG@tan?$AA@  1000d1f0     LIBCMT:fpexcept.obj
 0002:000001f4       ??_C@_04GFPJNGEK@ceil?$AA@ 1000d1f4     LIBCMT:fpexcept.obj
 0002:000001fc       ??_C@_05PBJFFIGL@floor?$AA@ 1000d1fc     LIBCMT:fpexcept.obj
 0002:00000204       ??_C@_04ODHECPBC@fabs?$AA@ 1000d204     LIBCMT:fpexcept.obj
 0002:0000020c       ??_C@_04EHEDPDJG@modf?$AA@ 1000d20c     LIBCMT:fpexcept.obj
 0002:00000214       ??_C@_05CEJMAHNP@ldexp?$AA@ 1000d214     LIBCMT:fpexcept.obj
 0002:0000021c       ??_C@_05KBKMEMPO@_cabs?$AA@ 1000d21c     LIBCMT:fpexcept.obj
 0002:00000224       ??_C@_06MEIMCGCF@_hypot?$AA@ 1000d224     LIBCMT:fpexcept.obj
 0002:0000022c       ??_C@_04KEPJIHGP@fmod?$AA@ 1000d22c     LIBCMT:fpexcept.obj
 0002:00000234       ??_C@_05GKKHEGJL@frexp?$AA@ 1000d234     LIBCMT:fpexcept.obj
 0002:0000023c       ??_C@_03MJLDFKDL@_y0?$AA@  1000d23c     LIBCMT:fpexcept.obj
 0002:00000240       ??_C@_03NAKIGLHK@_y1?$AA@  1000d240     LIBCMT:fpexcept.obj
 0002:00000244       ??_C@_03ONILCKOB@_yn?$AA@  1000d244     LIBCMT:fpexcept.obj
 0002:00000248       ??_C@_05JGDBENOH@_logb?$AA@ 1000d248     LIBCMT:fpexcept.obj
 0002:00000250       ??_C@_0L@KDOEJCKC@_nextafter?$AA@ 1000d250     LIBCMT:fpexcept.obj
 0002:0000025c       ??_C@_03KHJOGHMM@exp?$AA@  1000d25c     LIBCMT:fpexcept.obj
 0002:00000260       ??_C@_03JGHBODFD@pow?$AA@  1000d260     LIBCMT:fpexcept.obj
 0002:00000264       ??_C@_03MGHMBJCF@log?$AA@  1000d264     LIBCMT:fpexcept.obj
 0002:00000268       ??_C@_05HGHHAHAP@log10?$AA@ 1000d268     LIBCMT:fpexcept.obj
 0002:00000270       ??_C@_04COOMCNPB@sinh?$AA@ 1000d270     LIBCMT:fpexcept.obj
 0002:00000278       ??_C@_04HPJJNFIM@cosh?$AA@ 1000d278     LIBCMT:fpexcept.obj
 0002:00000280       __FPinit                   1000d280     LIBCMT:fpinit.obj
 0002:00000294       ??_C@_1M@HPNHIDJI@?$AAj?$AAa?$AA?9?$AAJ?$AAP?$AA?$AA@ 1000d294     LIBCMT:mbctype.obj
 0002:000002a0       ??_C@_1M@BIBDDEMK@?$AAz?$AAh?$AA?9?$AAC?$AAN?$AA?$AA@ 1000d2a0     LIBCMT:mbctype.obj
 0002:000002ac       ??_C@_1M@JLOOOEGK@?$AAk?$AAo?$AA?9?$AAK?$AAR?$AA?$AA@ 1000d2ac     LIBCMT:mbctype.obj
 0002:000002b8       ??_C@_1M@CLNBBOPM@?$AAz?$AAh?$AA?9?$AAT?$AAW?$AA?$AA@ 1000d2b8     LIBCMT:mbctype.obj
 0002:000002c4       ??_C@_03KOEHGMDN@Sun?$AA@  1000d2c4     LIBCMT:nlsdata.obj
 0002:000002c8       ??_C@_03PDAGKDH@Mon?$AA@   1000d2c8     LIBCMT:nlsdata.obj
 0002:000002cc       ??_C@_03NAGEINEP@Tue?$AA@  1000d2cc     LIBCMT:nlsdata.obj
 0002:000002d0       ??_C@_03MHOMLAJA@Wed?$AA@  1000d2d0     LIBCMT:nlsdata.obj
 0002:000002d4       ??_C@_03IOFIKPDN@Thu?$AA@  1000d2d4     LIBCMT:nlsdata.obj
 0002:000002d8       ??_C@_03IDIOELNC@Fri?$AA@  1000d2d8     LIBCMT:nlsdata.obj
 0002:000002dc       ??_C@_03FEFJNEK@Sat?$AA@   1000d2dc     LIBCMT:nlsdata.obj
 0002:000002e0       ??_C@_06OOPIFAJ@Sunday?$AA@ 1000d2e0     LIBCMT:nlsdata.obj
 0002:000002e8       ??_C@_06JLEDEDGH@Monday?$AA@ 1000d2e8     LIBCMT:nlsdata.obj
 0002:000002f0       ??_C@_07BAAGCFCM@Tuesday?$AA@ 1000d2f0     LIBCMT:nlsdata.obj
 0002:000002f8       ??_C@_09DLIGFAKA@Wednesday?$AA@ 1000d2f8     LIBCMT:nlsdata.obj
 0002:00000304       ??_C@_08HACCIKIA@Thursday?$AA@ 1000d304     LIBCMT:nlsdata.obj
 0002:00000310       ??_C@_06JECMNKMI@Friday?$AA@ 1000d310     LIBCMT:nlsdata.obj
 0002:00000318       ??_C@_08INBOOONO@Saturday?$AA@ 1000d318     LIBCMT:nlsdata.obj
 0002:00000324       ??_C@_03JIHJHPIE@Jan?$AA@  1000d324     LIBCMT:nlsdata.obj
 0002:00000328       ??_C@_03HJBDCHOM@Feb?$AA@  1000d328     LIBCMT:nlsdata.obj
 0002:0000032c       ??_C@_03ODNJBKGA@Mar?$AA@  1000d32c     LIBCMT:nlsdata.obj
 0002:00000330       ??_C@_03LEOLGMJP@Apr?$AA@  1000d330     LIBCMT:nlsdata.obj
 0002:00000334       ??_C@_03CNMDKL@May?$AA@    1000d334     LIBCMT:nlsdata.obj
 0002:00000338       ??_C@_03IDFGHECI@Jun?$AA@  1000d338     LIBCMT:nlsdata.obj
 0002:0000033c       ??_C@_03LBGABGKK@Jul?$AA@  1000d33c     LIBCMT:nlsdata.obj
 0002:00000340       ??_C@_03IFJFEIGA@Aug?$AA@  1000d340     LIBCMT:nlsdata.obj
 0002:00000344       ??_C@_03GGCAPAJC@Sep?$AA@  1000d344     LIBCMT:nlsdata.obj
 0002:00000348       ??_C@_03BMAOKBAD@Oct?$AA@  1000d348     LIBCMT:nlsdata.obj
 0002:0000034c       ??_C@_03JPJOFNIA@Nov?$AA@  1000d34c     LIBCMT:nlsdata.obj
 0002:00000350       ??_C@_03MKABNOCG@Dec?$AA@  1000d350     LIBCMT:nlsdata.obj
 0002:00000354       ??_C@_07CGJPFGJA@January?$AA@ 1000d354     LIBCMT:nlsdata.obj
 0002:0000035c       ??_C@_08GNJGEPFN@February?$AA@ 1000d35c     LIBCMT:nlsdata.obj
 0002:00000368       ??_C@_05HPCKOFNC@March?$AA@ 1000d368     LIBCMT:nlsdata.obj
 0002:00000370       ??_C@_05DMJDNLEJ@April?$AA@ 1000d370     LIBCMT:nlsdata.obj
 0002:00000378       ??_C@_04CNLMGBGM@June?$AA@ 1000d378     LIBCMT:nlsdata.obj
 0002:00000380       ??_C@_04MIEPOIFP@July?$AA@ 1000d380     LIBCMT:nlsdata.obj
 0002:00000388       ??_C@_06LBBHFDDG@August?$AA@ 1000d388     LIBCMT:nlsdata.obj
 0002:00000390       ??_C@_09BHHEALKD@September?$AA@ 1000d390     LIBCMT:nlsdata.obj
 0002:0000039c       ??_C@_07JJNFCEND@October?$AA@ 1000d39c     LIBCMT:nlsdata.obj
 0002:000003a4       ??_C@_08HCHEGEOA@November?$AA@ 1000d3a4     LIBCMT:nlsdata.obj
 0002:000003b0       ??_C@_08EDHMEBNP@December?$AA@ 1000d3b0     LIBCMT:nlsdata.obj
 0002:000003bc       ??_C@_02DEDBPAFC@AM?$AA@   1000d3bc     LIBCMT:nlsdata.obj
 0002:000003c0       ??_C@_02CJNFDJBF@PM?$AA@   1000d3c0     LIBCMT:nlsdata.obj
 0002:000003c4       ??_C@_08BPBNCDIB@MM?1dd?1yy?$AA@ 1000d3c4     LIBCMT:nlsdata.obj
 0002:000003d0       ??_C@_0BE@CKGJFCPC@dddd?0?5MMMM?5dd?0?5yyyy?$AA@ 1000d3d0     LIBCMT:nlsdata.obj
 0002:000003e4       ??_C@_08JCCMCCIL@HH?3mm?3ss?$AA@ 1000d3e4     LIBCMT:nlsdata.obj
 0002:000003f0       ??_C@_17MBGCMIPB@?$AAS?$AAu?$AAn?$AA?$AA@ 1000d3f0     LIBCMT:nlsdata.obj
 0002:000003f8       ??_C@_17KBOMKBF@?$AAM?$AAo?$AAn?$AA?$AA@ 1000d3f8     LIBCMT:nlsdata.obj
 0002:00000400       ??_C@_17BMKGEGOJ@?$AAT?$AAu?$AAe?$AA?$AA@ 1000d400     LIBCMT:nlsdata.obj
 0002:00000408       ??_C@_17CJEDCEPE@?$AAW?$AAe?$AAd?$AA?$AA@ 1000d408     LIBCMT:nlsdata.obj
 0002:00000410       ??_C@_17PDPHAADD@?$AAT?$AAh?$AAu?$AA?$AA@ 1000d410     LIBCMT:nlsdata.obj
 0002:00000418       ??_C@_17HFOLPPLP@?$AAF?$AAr?$AAi?$AA?$AA@ 1000d418     LIBCMT:nlsdata.obj
 0002:00000420       ??_C@_17GGIBDPIH@?$AAS?$AAa?$AAt?$AA?$AA@ 1000d420     LIBCMT:nlsdata.obj
 0002:00000428       ??_C@_1O@IHNHDHPB@?$AAS?$AAu?$AAn?$AAd?$AAa?$AAy?$AA?$AA@ 1000d428     LIBCMT:nlsdata.obj
 0002:00000438       ??_C@_1O@MMNBFLIA@?$AAM?$AAo?$AAn?$AAd?$AAa?$AAy?$AA?$AA@ 1000d438     LIBCMT:nlsdata.obj
 0002:00000448       ??_C@_1BA@ENFBFFEK@?$AAT?$AAu?$AAe?$AAs?$AAd?$AAa?$AAy?$AA?$AA@ 1000d448     LIBCMT:nlsdata.obj
 0002:00000458       ??_C@_1BE@EBOGMDOH@?$AAW?$AAe?$AAd?$AAn?$AAe?$AAs?$AAd?$AAa?$AAy?$AA?$AA@ 1000d458     LIBCMT:nlsdata.obj
 0002:0000046c       ??_C@_1BC@HHMNLIHE@?$AAT?$AAh?$AAu?$AAr?$AAs?$AAd?$AAa?$AAy?$AA?$AA@ 1000d46c     LIBCMT:nlsdata.obj
 0002:00000480       ??_C@_1O@PDICJHAG@?$AAF?$AAr?$AAi?$AAd?$AAa?$AAy?$AA?$AA@ 1000d480     LIBCMT:nlsdata.obj
 0002:00000490       ??_C@_1BC@ENMNNPAJ@?$AAS?$AAa?$AAt?$AAu?$AAr?$AAd?$AAa?$AAy?$AA?$AA@ 1000d490     LIBCMT:nlsdata.obj
 0002:000004a4       ??_C@_17DKNBKCHM@?$AAJ?$AAa?$AAn?$AA?$AA@ 1000d4a4     LIBCMT:nlsdata.obj
 0002:000004ac       ??_C@_17LMDJEKJN@?$AAF?$AAe?$AAb?$AA?$AA@ 1000d4ac     LIBCMT:nlsdata.obj
 0002:000004b4       ??_C@_17CKNLEDEC@?$AAM?$AAa?$AAr?$AA?$AA@ 1000d4b4     LIBCMT:nlsdata.obj
 0002:000004bc       ??_C@_17LFPOIHDD@?$AAA?$AAp?$AAr?$AA?$AA@ 1000d4bc     LIBCMT:nlsdata.obj
 0002:000004c4       ??_C@_17PNNKMEED@?$AAM?$AAa?$AAy?$AA?$AA@ 1000d4c4     LIBCMT:nlsdata.obj
 0002:000004cc       ??_C@_17KCJGOCPB@?$AAJ?$AAu?$AAn?$AA?$AA@ 1000d4cc     LIBCMT:nlsdata.obj
 0002:000004d4       ??_C@_17IJPCKHK@?$AAJ?$AAu?$AAl?$AA?$AA@ 1000d4d4     LIBCMT:nlsdata.obj
 0002:000004dc       ??_C@_17ICPELBCN@?$AAA?$AAu?$AAg?$AA?$AA@ 1000d4dc     LIBCMT:nlsdata.obj
 0002:000004e4       ??_C@_17HCHCOKMG@?$AAS?$AAe?$AAp?$AA?$AA@ 1000d4e4     LIBCMT:nlsdata.obj
 0002:000004ec       ??_C@_17FNLKOI@?$AAO?$AAc?$AAt?$AA?$AA@ 1000d4ec     LIBCMT:nlsdata.obj
 0002:000004f4       ??_C@_17BBDMLCIG@?$AAN?$AAo?$AAv?$AA?$AA@ 1000d4f4     LIBCMT:nlsdata.obj
 0002:000004fc       ??_C@_17EGKACKIF@?$AAD?$AAe?$AAc?$AA?$AA@ 1000d4fc     LIBCMT:nlsdata.obj
 0002:00000504       ??_C@_1BA@EFMEIEBA@?$AAJ?$AAa?$AAn?$AAu?$AAa?$AAr?$AAy?$AA?$AA@ 1000d504     LIBCMT:nlsdata.obj
 0002:00000514       ??_C@_1BC@JGDDFFAM@?$AAF?$AAe?$AAb?$AAr?$AAu?$AAa?$AAr?$AAy?$AA?$AA@ 1000d514     LIBCMT:nlsdata.obj
 0002:00000528       ??_C@_1M@IKEENEDF@?$AAM?$AAa?$AAr?$AAc?$AAh?$AA?$AA@ 1000d528     LIBCMT:nlsdata.obj
 0002:00000534       ??_C@_1M@GJNLMHFD@?$AAA?$AAp?$AAr?$AAi?$AAl?$AA?$AA@ 1000d534     LIBCMT:nlsdata.obj
 0002:00000540       ??_C@_19EPFLPGAP@?$AAJ?$AAu?$AAn?$AAe?$AA?$AA@ 1000d540     LIBCMT:nlsdata.obj
 0002:0000054c       ??_C@_19BIFMLPCD@?$AAJ?$AAu?$AAl?$AAy?$AA?$AA@ 1000d54c     LIBCMT:nlsdata.obj
 0002:00000558       ??_C@_1O@PAHLKOAC@?$AAA?$AAu?$AAg?$AAu?$AAs?$AAt?$AA?$AA@ 1000d558     LIBCMT:nlsdata.obj
 0002:00000568       ??_C@_1BE@DKAAMBJL@?$AAS?$AAe?$AAp?$AAt?$AAe?$AAm?$AAb?$AAe?$AAr?$AA?$AA@ 1000d568     LIBCMT:nlsdata.obj
 0002:0000057c       ??_C@_1BA@EPANDLNG@?$AAO?$AAc?$AAt?$AAo?$AAb?$AAe?$AAr?$AA?$AA@ 1000d57c     LIBCMT:nlsdata.obj
 0002:0000058c       ??_C@_1BC@BGLIFPF@?$AAN?$AAo?$AAv?$AAe?$AAm?$AAb?$AAe?$AAr?$AA?$AA@ 1000d58c     LIBCMT:nlsdata.obj
 0002:000005a0       ??_C@_1BC@FEMKIFH@?$AAD?$AAe?$AAc?$AAe?$AAm?$AAb?$AAe?$AAr?$AA?$AA@ 1000d5a0     LIBCMT:nlsdata.obj
 0002:000005b4       ??_C@_15ODEHAHHF@?$AAA?$AAM?$AA?$AA@ 1000d5b4     LIBCMT:nlsdata.obj
 0002:000005bc       ??_C@_15CLMNNGEL@?$AAP?$AAM?$AA?$AA@ 1000d5bc     LIBCMT:nlsdata.obj
 0002:000005c4       ??_C@_1BC@IEBCMHCM@?$AAM?$AAM?$AA?1?$AAd?$AAd?$AA?1?$AAy?$AAy?$AA?$AA@ 1000d5c4     LIBCMT:nlsdata.obj
 0002:000005d8       ??_C@_1CI@KNAKOEBC@?$AAd?$AAd?$AAd?$AAd?$AA?0?$AA?5?$AAM?$AAM?$AAM?$AAM?$AA?5?$AAd?$AAd?$AA?0?$AA?5?$AAy?$AAy?$AAy?$AAy?$AA?$AA@ 1000d5d8     LIBCMT:nlsdata.obj
 0002:00000600       ??_C@_1BC@GDGBMEMK@?$AAH?$AAH?$AA?3?$AAm?$AAm?$AA?3?$AAs?$AAs?$AA?$AA@ 1000d600     LIBCMT:nlsdata.obj
 0002:00000614       ??_C@_1M@BMHNFIME@?$AAe?$AAn?$AA?9?$AAU?$AAS?$AA?$AA@ 1000d614     LIBCMT:nlsdata.obj
 0002:000006a0       __XcptActTab               1000d6a0     LIBCMT:winxfltr.obj
 0002:00000730       __XcptActTabCount          1000d730     LIBCMT:winxfltr.obj
 0002:00000734       __XcptActTabSize           1000d734     LIBCMT:winxfltr.obj
 0002:00000738       __First_FPE_Indx           1000d738     LIBCMT:winxfltr.obj
 0002:0000073c       __Num_FPE                  1000d73c     LIBCMT:winxfltr.obj
 0002:00000740       ??_C@_1BI@BGOHAHKC@?$AAm?$AAs?$AAc?$AAo?$AAr?$AAe?$AAe?$AA?4?$AAd?$AAl?$AAl?$AA?$AA@ 1000d740     LIBCMT:crt0dat.obj
 0002:00000758       ??_C@_0P@MIGLKIOC@CorExitProcess?$AA@ 1000d758     LIBCMT:crt0dat.obj
 0002:00000768       ??_C@_1BK@MGMFAEKH@?$AAk?$AAe?$AAr?$AAn?$AAe?$AAl?$AA3?$AA2?$AA?4?$AAd?$AAl?$AAl?$AA?$AA@ 1000d768     LIBCMT:winapisupp.obj
 0002:00000784       ??_C@_08KNHFBNJ@FlsAlloc?$AA@ 1000d784     LIBCMT:winapisupp.obj
 0002:00000790       ??_C@_07PEJMOBNF@FlsFree?$AA@ 1000d790     LIBCMT:winapisupp.obj
 0002:00000798       ??_C@_0M@GDNOONDI@FlsGetValue?$AA@ 1000d798     LIBCMT:winapisupp.obj
 0002:000007a4       ??_C@_0M@JCPCPOEF@FlsSetValue?$AA@ 1000d7a4     LIBCMT:winapisupp.obj
 0002:000007b0       ??_C@_0BM@HCFOFFN@InitializeCriticalSectionEx?$AA@ 1000d7b0     LIBCMT:winapisupp.obj
 0002:000007cc       ??_C@_0P@DLHPPCNH@CreateEventExW?$AA@ 1000d7cc     LIBCMT:winapisupp.obj
 0002:000007dc       ??_C@_0BD@KIEEOEEH@CreateSemaphoreExW?$AA@ 1000d7dc     LIBCMT:winapisupp.obj
 0002:000007f0       ??_C@_0BI@BKLFFAPO@SetThreadStackGuarantee?$AA@ 1000d7f0     LIBCMT:winapisupp.obj
 0002:00000808       ??_C@_0BG@OGFAJCKC@CreateThreadpoolTimer?$AA@ 1000d808     LIBCMT:winapisupp.obj
 0002:00000820       ??_C@_0BD@LPLEMMDI@SetThreadpoolTimer?$AA@ 1000d820     LIBCMT:winapisupp.obj
 0002:00000834       ??_C@_0CA@FMNJENH@WaitForThreadpoolTimerCallbacks?$AA@ 1000d834     LIBCMT:winapisupp.obj
 0002:00000854       ??_C@_0BF@DCFCCNOC@CloseThreadpoolTimer?$AA@ 1000d854     LIBCMT:winapisupp.obj
 0002:0000086c       ??_C@_0BF@FLABGKKM@CreateThreadpoolWait?$AA@ 1000d86c     LIBCMT:winapisupp.obj
 0002:00000884       ??_C@_0BC@MGCOHNA@SetThreadpoolWait?$AA@ 1000d884     LIBCMT:winapisupp.obj
 0002:00000898       ??_C@_0BE@OCIOMIMP@CloseThreadpoolWait?$AA@ 1000d898     LIBCMT:winapisupp.obj
 0002:000008ac       ??_C@_0BJ@LKGHFHBO@FlushProcessWriteBuffers?$AA@ 1000d8ac     LIBCMT:winapisupp.obj
 0002:000008c8       ??_C@_0BP@KALKKPMO@FreeLibraryWhenCallbackReturns?$AA@ 1000d8c8     LIBCMT:winapisupp.obj
 0002:000008e8       ??_C@_0BK@DFNBACLA@GetCurrentProcessorNumber?$AA@ 1000d8e8     LIBCMT:winapisupp.obj
 0002:00000904       ??_C@_0BP@KHGALBC@GetLogicalProcessorInformation?$AA@ 1000d904     LIBCMT:winapisupp.obj
 0002:00000924       ??_C@_0BE@FKKLLFLM@CreateSymbolicLinkW?$AA@ 1000d924     LIBCMT:winapisupp.obj
 0002:00000938       ??_C@_0BJ@OHNKDLIJ@SetDefaultDllDirectories?$AA@ 1000d938     LIBCMT:winapisupp.obj
 0002:00000954       ??_C@_0BE@LJANKFHF@EnumSystemLocalesEx?$AA@ 1000d954     LIBCMT:winapisupp.obj
 0002:00000968       ??_C@_0BA@IHGNDAEB@CompareStringEx?$AA@ 1000d968     LIBCMT:winapisupp.obj
 0002:00000978       ??_C@_0BA@EPCJIIPD@GetDateFormatEx?$AA@ 1000d978     LIBCMT:winapisupp.obj
 0002:00000988       ??_C@_0BA@ONOKGCMP@GetLocaleInfoEx?$AA@ 1000d988     LIBCMT:winapisupp.obj
 0002:00000998       ??_C@_0BA@CIJJKCJJ@GetTimeFormatEx?$AA@ 1000d998     LIBCMT:winapisupp.obj
 0002:000009a8       ??_C@_0BJ@PBCCBIPI@GetUserDefaultLocaleName?$AA@ 1000d9a8     LIBCMT:winapisupp.obj
 0002:000009c4       ??_C@_0BC@CELBKLLA@IsValidLocaleName?$AA@ 1000d9c4     LIBCMT:winapisupp.obj
 0002:000009d8       ??_C@_0O@KKBNKAPF@LCMapStringEx?$AA@ 1000d9d8     LIBCMT:winapisupp.obj
 0002:000009e8       ??_C@_0BE@JOGNEJCI@GetCurrentPackageId?$AA@ 1000d9e8     LIBCMT:winapisupp.obj
 0002:000009fc       ??_C@_0P@CDHHOHKP@GetTickCount64?$AA@ 1000d9fc     LIBCMT:winapisupp.obj
 0002:00000a0c       ??_C@_0BO@KPCLFDJJ@GetFileInformationByHandleExW?$AA@ 1000da0c     LIBCMT:winapisupp.obj
 0002:00000a2c       ??_C@_0BM@MHIDLABK@SetFileInformationByHandleW?$AA@ 1000da2c     LIBCMT:winapisupp.obj
 0002:00000a50       __indefinite               1000da50     LIBCMT:87disp.obj
 0002:00000a5a       __piby2                    1000da5a     LIBCMT:87disp.obj
 0002:00000a88       __DEFAULT_CW_in_mem        1000da88     LIBCMT:common.obj
 0002:00000a8a       __pi_by_2_to_61            1000da8a     LIBCMT:common.obj
 0002:00000ac4       ??_C@_05KLBDPFGC@e?$CL000?$AA@ 1000dac4     LIBCMT:cvt.obj
 0002:00000ad0       ___newctype                1000dad0     LIBCMT:ctype.obj
 0002:00000dd0       __wctype                   1000ddd0     LIBCMT:ctype.obj
 0002:00000fd8       ___newclmap                1000dfd8     LIBCMT:ctype.obj
 0002:00001158       ___newcumap                1000e158     LIBCMT:ctype.obj
 0002:000012d8       ??_C@_15PJPFLCCM@?$AAu?$AAk?$AA?$AA@ 1000e2d8     LIBCMT:getqloc.obj
 0002:000012e0       ___rg_language_count       1000e2e0     LIBCMT:getqloc.obj
 0002:000012e4       ___rg_country_count        1000e2e4     LIBCMT:getqloc.obj
 0002:000012e8       _LcidToLocaleNameTable     1000e2e8     LIBCMT:winapinls.obj
 0002:00001a08       _LocaleNameToIndexTable    1000ea08     LIBCMT:winapinls.obj
 0002:00002128       ??_C@_15EMKDOKLE@?$AAa?$AAr?$AA?$AA@ 1000f128     LIBCMT:winapinls.obj
 0002:00002130       ??_C@_15KNPADPLH@?$AAb?$AAg?$AA?$AA@ 1000f130     LIBCMT:winapinls.obj
 0002:00002138       ??_C@_15EDMHLDMO@?$AAc?$AAa?$AA?$AA@ 1000f138     LIBCMT:winapinls.obj
 0002:00002140       ??_C@_1O@BPEAJADD@?$AAz?$AAh?$AA?9?$AAC?$AAH?$AAS?$AA?$AA@ 1000f140     LIBCMT:winapinls.obj
 0002:00002150       ??_C@_15LJNHCMNK@?$AAc?$AAs?$AA?$AA@ 1000f150     LIBCMT:winapinls.obj
 0002:00002158       ??_C@_15FOMCIDHG@?$AAd?$AAa?$AA?$AA@ 1000f158     LIBCMT:winapinls.obj
 0002:00002160       ??_C@_15NBKABECB@?$AAd?$AAe?$AA?$AA@ 1000f160     LIBCMT:winapinls.obj
 0002:00002168       ??_C@_15GHPEIIAO@?$AAe?$AAl?$AA?$AA@ 1000f168     LIBCMT:winapinls.obj
 0002:00002170       ??_C@_15MNPNEAIF@?$AAe?$AAn?$AA?$AA@ 1000f170     LIBCMT:winapinls.obj
 0002:00002178       ??_C@_15GPIOMPMH@?$AAe?$AAs?$AA?$AA@ 1000f178     LIBCMT:winapinls.obj
 0002:00002180       ??_C@_15NGLOAKJC@?$AAf?$AAi?$AA?$AA@ 1000f180     LIBCMT:winapinls.obj
 0002:00002188       ??_C@_15FBKGNKAM@?$AAf?$AAr?$AA?$AA@ 1000f188     LIBCMT:winapinls.obj
 0002:00002190       ??_C@_15KGGCNEFK@?$AAh?$AAe?$AA?$AA@ 1000f190     LIBCMT:winapinls.obj
 0002:00002198       ??_C@_15PGHLIDMF@?$AAh?$AAu?$AA?$AA@ 1000f198     LIBCMT:winapinls.obj
 0002:000021a0       ??_C@_15BIEMAPLM@?$AAi?$AAs?$AA?$AA@ 1000f1a0     LIBCMT:winapinls.obj
 0002:000021a8       ??_C@_15IFJLDHAF@?$AAi?$AAt?$AA?$AA@ 1000f1a8     LIBCMT:winapinls.obj
 0002:000021b0       ??_C@_15GEMIOCAG@?$AAj?$AAa?$AA?$AA@ 1000f1b0     LIBCMT:winapinls.obj
 0002:000021b8       ??_C@_15EPELEGJA@?$AAk?$AAo?$AA?$AA@ 1000f1b8     LIBCMT:winapinls.obj
 0002:000021c0       ??_C@_15NDDHIMN@?$AAn?$AAl?$AA?$AA@ 1000f1c0     LIBCMT:winapinls.obj
 0002:000021c8       ??_C@_15BPIGNHCD@?$AAn?$AAo?$AA?$AA@ 1000f1c8     LIBCMT:winapinls.obj
 0002:000021d0       ??_C@_15DEOPBLCG@?$AAp?$AAl?$AA?$AA@ 1000f1d0     LIBCMT:winapinls.obj
 0002:000021d8       ??_C@_15KBECGEFG@?$AAp?$AAt?$AA?$AA@ 1000f1d8     LIBCMT:winapinls.obj
 0002:000021e0       ??_C@_15GLJCBFMD@?$AAr?$AAo?$AA?$AA@ 1000f1e0     LIBCMT:winapinls.obj
 0002:000021e8       ??_C@_15FEDGKCDI@?$AAr?$AAu?$AA?$AA@ 1000f1e8     LIBCMT:winapinls.obj
 0002:000021f0       ??_C@_15GLKMLLHM@?$AAh?$AAr?$AA?$AA@ 1000f1f0     LIBCMT:winapinls.obj
 0002:000021f8       ??_C@_15CPKMFBDB@?$AAs?$AAk?$AA?$AA@ 1000f1f8     LIBCMT:winapinls.obj
 0002:00002200       ??_C@_15BAAIOGMK@?$AAs?$AAq?$AA?$AA@ 1000f200     LIBCMT:winapinls.obj
 0002:00002208       ??_C@_15INNPNOHD@?$AAs?$AAv?$AA?$AA@ 1000f208     LIBCMT:winapinls.obj
 0002:00002210       ??_C@_15CABMMOGH@?$AAt?$AAh?$AA?$AA@ 1000f210     LIBCMT:winapinls.obj
 0002:00002218       ??_C@_15BPLIHJJM@?$AAt?$AAr?$AA?$AA@ 1000f218     LIBCMT:winapinls.obj
 0002:00002220       ??_C@_15NEOEKKDJ@?$AAu?$AAr?$AA?$AA@ 1000f220     LIBCMT:winapinls.obj
 0002:00002228       ??_C@_15NFICGAJK@?$AAi?$AAd?$AA?$AA@ 1000f228     LIBCMT:winapinls.obj
 0002:00002230       ??_C@_15HPJPHDM@?$AAb?$AAe?$AA?$AA@ 1000f230     LIBCMT:winapinls.obj
 0002:00002238       ??_C@_15LCHLGJII@?$AAs?$AAl?$AA?$AA@ 1000f238     LIBCMT:winapinls.obj
 0002:00002240       ??_C@_15PCFJPHHO@?$AAe?$AAt?$AA?$AA@ 1000f240     LIBCMT:winapinls.obj
 0002:00002248       ??_C@_15HPFPGODN@?$AAl?$AAv?$AA?$AA@ 1000f248     LIBCMT:winapinls.obj
 0002:00002250       ??_C@_15NFFGKGLG@?$AAl?$AAt?$AA?$AA@ 1000f250     LIBCMT:winapinls.obj
 0002:00002258       ??_C@_15BDAKCCHN@?$AAf?$AAa?$AA?$AA@ 1000f258     LIBCMT:winapinls.obj
 0002:00002260       ??_C@_15NFGIAIAJ@?$AAv?$AAi?$AA?$AA@ 1000f260     LIBCMT:winapinls.obj
 0002:00002268       ??_C@_15LMKNDMHN@?$AAh?$AAy?$AA?$AA@ 1000f268     LIBCMT:winapinls.obj
 0002:00002270       ??_C@_15IJBHMCFL@?$AAa?$AAz?$AA?$AA@ 1000f270     LIBCMT:winapinls.obj
 0002:00002278       ??_C@_15EKOFJABL@?$AAe?$AAu?$AA?$AA@ 1000f278     LIBCMT:winapinls.obj
 0002:00002280       ??_C@_15BGHADCNK@?$AAm?$AAk?$AA?$AA@ 1000f280     LIBCMT:winapinls.obj
 0002:00002288       ??_C@_15JDNICKHM@?$AAa?$AAf?$AA?$AA@ 1000f288     LIBCMT:winapinls.obj
 0002:00002290       ??_C@_15KPJEDBKD@?$AAk?$AAa?$AA?$AA@ 1000f290     LIBCMT:winapinls.obj
 0002:00002298       ??_C@_15PDNFFFEO@?$AAf?$AAo?$AA?$AA@ 1000f298     LIBCMT:winapinls.obj
 0002:000022a0       ??_C@_15OMLEGLOC@?$AAh?$AAi?$AA?$AA@ 1000f2a0     LIBCMT:winapinls.obj
 0002:000022a8       ??_C@_15IDNNENKK@?$AAm?$AAs?$AA?$AA@ 1000f2a8     LIBCMT:winapinls.obj
 0002:000022b0       ??_C@_15MACJNBMH@?$AAk?$AAk?$AA?$AA@ 1000f2b0     LIBCMT:winapinls.obj
 0002:000022b8       ??_C@_15DKDJEOND@?$AAk?$AAy?$AA?$AA@ 1000f2b8     LIBCMT:winapinls.obj
 0002:000022c0       ??_C@_15DFGDLJBG@?$AAs?$AAw?$AA?$AA@ 1000f2c0     LIBCMT:winapinls.obj
 0002:000022c8       ??_C@_15BBFAICNG@?$AAu?$AAz?$AA?$AA@ 1000f2c8     LIBCMT:winapinls.obj
 0002:000022d0       ??_C@_15DKNDCGEA@?$AAt?$AAt?$AA?$AA@ 1000f2d0     LIBCMT:winapinls.obj
 0002:000022d8       ??_C@_15MGIFMDPL@?$AAp?$AAa?$AA?$AA@ 1000f2d8     LIBCMT:winapinls.obj
 0002:000022e0       ??_C@_15HCNDBBA@?$AAg?$AAu?$AA?$AA@ 1000f2e0     LIBCMT:winapinls.obj
 0002:000022e8       ??_C@_15FNBEIBON@?$AAt?$AAa?$AA?$AA@ 1000f2e8     LIBCMT:winapinls.obj
 0002:000022f0       ??_C@_15NCHGBGLK@?$AAt?$AAe?$AA?$AA@ 1000f2f0     LIBCMT:winapinls.obj
 0002:000022f8       ??_C@_15PHPHCBPF@?$AAk?$AAn?$AA?$AA@ 1000f2f8     LIBCMT:winapinls.obj
 0002:00002300       ??_C@_15DLGBCKMP@?$AAm?$AAr?$AA?$AA@ 1000f300     LIBCMT:winapinls.obj
 0002:00002308       ??_C@_15EABBLBFF@?$AAs?$AAa?$AA?$AA@ 1000f308     LIBCMT:winapinls.obj
 0002:00002310       ??_C@_15CBKOMCOI@?$AAm?$AAn?$AA?$AA@ 1000f310     LIBCMT:winapinls.obj
 0002:00002318       ??_C@_15CKDMCJAF@?$AAg?$AAl?$AA?$AA@ 1000f318     LIBCMT:winapinls.obj
 0002:00002320       ??_C@_17CNJFBPG@?$AAk?$AAo?$AAk?$AA?$AA@ 1000f320     LIBCMT:winapinls.obj
 0002:00002328       ??_C@_17FFBJICPL@?$AAs?$AAy?$AAr?$AA?$AA@ 1000f328     LIBCMT:winapinls.obj
 0002:00002330       ??_C@_17KPNDCPAF@?$AAd?$AAi?$AAv?$AA?$AA@ 1000f330     LIBCMT:winapinls.obj
 0002:00002338       ??_C@_11LOCGONAA@?$AA?$AA@ 1000f338     LIBCMT:winapinls.obj
 0002:0000233c       ??_C@_1M@OKAHONE@?$AAa?$AAr?$AA?9?$AAS?$AAA?$AA?$AA@ 1000f33c     LIBCMT:winapinls.obj
 0002:00002348       ??_C@_1M@FFFIGIGK@?$AAb?$AAg?$AA?9?$AAB?$AAG?$AA?$AA@ 1000f348     LIBCMT:winapinls.obj
 0002:00002354       ??_C@_1M@BJNKEDC@?$AAc?$AAa?$AA?9?$AAE?$AAS?$AA?$AA@ 1000f354     LIBCMT:winapinls.obj
 0002:00002360       ??_C@_1M@IJJHFJHA@?$AAc?$AAs?$AA?9?$AAC?$AAZ?$AA?$AA@ 1000f360     LIBCMT:winapinls.obj
 0002:0000236c       ??_C@_1M@CLPEOBGI@?$AAd?$AAa?$AA?9?$AAD?$AAK?$AA?$AA@ 1000f36c     LIBCMT:winapinls.obj
 0002:00002378       ??_C@_1M@MCMADGCB@?$AAd?$AAe?$AA?9?$AAD?$AAE?$AA?$AA@ 1000f378     LIBCMT:winapinls.obj
 0002:00002384       ??_C@_1M@OOCKEMAM@?$AAe?$AAl?$AA?9?$AAG?$AAR?$AA?$AA@ 1000f384     LIBCMT:winapinls.obj
 0002:00002390       ??_C@_1M@DDNJFGID@?$AAf?$AAi?$AA?9?$AAF?$AAI?$AA?$AA@ 1000f390     LIBCMT:winapinls.obj
 0002:0000239c       ??_C@_1M@GLIPPMAC@?$AAf?$AAr?$AA?9?$AAF?$AAR?$AA?$AA@ 1000f39c     LIBCMT:winapinls.obj
 0002:000023a8       ??_C@_1M@GFMCHPE@?$AAh?$AAe?$AA?9?$AAI?$AAL?$AA?$AA@ 1000f3a8     LIBCMT:winapinls.obj
 0002:000023b4       ??_C@_1M@MHLPGNKM@?$AAh?$AAu?$AA?9?$AAH?$AAU?$AA?$AA@ 1000f3b4     LIBCMT:winapinls.obj
 0002:000023c0       ??_C@_1M@LPDDNNPN@?$AAi?$AAs?$AA?9?$AAI?$AAS?$AA?$AA@ 1000f3c0     LIBCMT:winapinls.obj
 0002:000023cc       ??_C@_1M@MADIPODN@?$AAi?$AAt?$AA?9?$AAI?$AAT?$AA?$AA@ 1000f3cc     LIBCMT:winapinls.obj
 0002:000023d8       ??_C@_1M@IHBJJGG@?$AAn?$AAl?$AA?9?$AAN?$AAL?$AA?$AA@ 1000f3d8     LIBCMT:winapinls.obj
 0002:000023e4       ??_C@_1M@EANAGDL@?$AAn?$AAb?$AA?9?$AAN?$AAO?$AA?$AA@ 1000f3e4     LIBCMT:winapinls.obj
 0002:000023f0       ??_C@_1M@NEIEMEGP@?$AAp?$AAl?$AA?9?$AAP?$AAL?$AA?$AA@ 1000f3f0     LIBCMT:winapinls.obj
 0002:000023fc       ??_C@_1M@BOCFIGEP@?$AAp?$AAt?$AA?9?$AAB?$AAR?$AA?$AA@ 1000f3fc     LIBCMT:winapinls.obj
 0002:00002408       ??_C@_1M@IMPFOPBG@?$AAr?$AAo?$AA?9?$AAR?$AAO?$AA?$AA@ 1000f408     LIBCMT:winapinls.obj
 0002:00002414       ??_C@_1M@IDNNEJMM@?$AAr?$AAu?$AA?9?$AAR?$AAU?$AA?$AA@ 1000f414     LIBCMT:winapinls.obj
 0002:00002420       ??_C@_1M@LILEEOGM@?$AAh?$AAr?$AA?9?$AAH?$AAR?$AA?$AA@ 1000f420     LIBCMT:winapinls.obj
 0002:0000242c       ??_C@_1M@FKIFEHPB@?$AAs?$AAk?$AA?9?$AAS?$AAK?$AA?$AA@ 1000f42c     LIBCMT:winapinls.obj
 0002:00002438       ??_C@_1M@LJMAMNPJ@?$AAs?$AAq?$AA?9?$AAA?$AAL?$AA?$AA@ 1000f438     LIBCMT:winapinls.obj
 0002:00002444       ??_C@_1M@GIAKDKJK@?$AAs?$AAv?$AA?9?$AAS?$AAE?$AA?$AA@ 1000f444     LIBCMT:winapinls.obj
 0002:00002450       ??_C@_1M@MKJKIKCL@?$AAt?$AAh?$AA?9?$AAT?$AAH?$AA?$AA@ 1000f450     LIBCMT:winapinls.obj
 0002:0000245c       ??_C@_1M@MFLCCMPB@?$AAt?$AAr?$AA?9?$AAT?$AAR?$AA?$AA@ 1000f45c     LIBCMT:winapinls.obj
 0002:00002468       ??_C@_1M@OIJHDKJN@?$AAu?$AAr?$AA?9?$AAP?$AAK?$AA?$AA@ 1000f468     LIBCMT:winapinls.obj
 0002:00002474       ??_C@_1M@LHIPCIEK@?$AAi?$AAd?$AA?9?$AAI?$AAD?$AA?$AA@ 1000f474     LIBCMT:winapinls.obj
 0002:00002480       ??_C@_1M@MFMOBGI@?$AAu?$AAk?$AA?9?$AAU?$AAA?$AA?$AA@ 1000f480     LIBCMT:winapinls.obj
 0002:0000248c       ??_C@_1M@OBGLJIPL@?$AAb?$AAe?$AA?9?$AAB?$AAY?$AA?$AA@ 1000f48c     LIBCMT:winapinls.obj
 0002:00002498       ??_C@_1M@BCFAJEAD@?$AAs?$AAl?$AA?9?$AAS?$AAI?$AA?$AA@ 1000f498     LIBCMT:winapinls.obj
 0002:000024a4       ??_C@_1M@FKFFEDDN@?$AAe?$AAt?$AA?9?$AAE?$AAE?$AA?$AA@ 1000f4a4     LIBCMT:winapinls.obj
 0002:000024b0       ??_C@_1M@KGKKAACI@?$AAl?$AAv?$AA?9?$AAL?$AAV?$AA?$AA@ 1000f4b0     LIBCMT:winapinls.obj
 0002:000024bc       ??_C@_1M@IFGBIJO@?$AAl?$AAt?$AA?9?$AAL?$AAT?$AA?$AA@ 1000f4bc     LIBCMT:winapinls.obj
 0002:000024c8       ??_C@_1M@FGEAHEDM@?$AAf?$AAa?$AA?9?$AAI?$AAR?$AA?$AA@ 1000f4c8     LIBCMT:winapinls.obj
 0002:000024d4       ??_C@_1M@KBMAIBFN@?$AAv?$AAi?$AA?9?$AAV?$AAN?$AA?$AA@ 1000f4d4     LIBCMT:winapinls.obj
 0002:000024e0       ??_C@_1M@GPCBKDJK@?$AAh?$AAy?$AA?9?$AAA?$AAM?$AA?$AA@ 1000f4e0     LIBCMT:winapinls.obj
 0002:000024ec       ??_C@_1BG@BECMDDJB@?$AAa?$AAz?$AA?9?$AAA?$AAZ?$AA?9?$AAL?$AAa?$AAt?$AAn?$AA?$AA@ 1000f4ec     LIBCMT:winapinls.obj
 0002:00002504       ??_C@_1M@MAOFCAEA@?$AAe?$AAu?$AA?9?$AAE?$AAS?$AA?$AA@ 1000f504     LIBCMT:winapinls.obj
 0002:00002510       ??_C@_1M@IGHABKPI@?$AAm?$AAk?$AA?9?$AAM?$AAK?$AA?$AA@ 1000f510     LIBCMT:winapinls.obj
 0002:0000251c       ??_C@_1M@IAIGNEJG@?$AAt?$AAn?$AA?9?$AAZ?$AAA?$AA?$AA@ 1000f51c     LIBCMT:winapinls.obj
 0002:00002528       ??_C@_1M@IIJCOJFA@?$AAx?$AAh?$AA?9?$AAZ?$AAA?$AA?$AA@ 1000f528     LIBCMT:winapinls.obj
 0002:00002534       ??_C@_1M@LGPJHNJH@?$AAz?$AAu?$AA?9?$AAZ?$AAA?$AA?$AA@ 1000f534     LIBCMT:winapinls.obj
 0002:00002540       ??_C@_1M@HOKAOIO@?$AAa?$AAf?$AA?9?$AAZ?$AAA?$AA?$AA@ 1000f540     LIBCMT:winapinls.obj
 0002:0000254c       ??_C@_1M@DPCLHLIE@?$AAk?$AAa?$AA?9?$AAG?$AAE?$AA?$AA@ 1000f54c     LIBCMT:winapinls.obj
 0002:00002558       ??_C@_1M@BLKMHJBI@?$AAf?$AAo?$AA?9?$AAF?$AAO?$AA?$AA@ 1000f558     LIBCMT:winapinls.obj
 0002:00002564       ??_C@_1M@LGGJAPPB@?$AAh?$AAi?$AA?9?$AAI?$AAN?$AA?$AA@ 1000f564     LIBCMT:winapinls.obj
 0002:00002570       ??_C@_1M@FIKPIHFE@?$AAm?$AAt?$AA?9?$AAM?$AAT?$AA?$AA@ 1000f570     LIBCMT:winapinls.obj
 0002:0000257c       ??_C@_1M@HEGGPBFA@?$AAs?$AAe?$AA?9?$AAN?$AAO?$AA?$AA@ 1000f57c     LIBCMT:winapinls.obj
 0002:00002588       ??_C@_1M@EIBJEEPA@?$AAm?$AAs?$AA?9?$AAM?$AAY?$AA?$AA@ 1000f588     LIBCMT:winapinls.obj
 0002:00002594       ??_C@_1M@FHLBGMPP@?$AAk?$AAk?$AA?9?$AAK?$AAZ?$AA?$AA@ 1000f594     LIBCMT:winapinls.obj
 0002:000025a0       ??_C@_1M@NGJJLCGI@?$AAk?$AAy?$AA?9?$AAK?$AAG?$AA?$AA@ 1000f5a0     LIBCMT:winapinls.obj
 0002:000025ac       ??_C@_1M@GIENNBFC@?$AAs?$AAw?$AA?9?$AAK?$AAE?$AA?$AA@ 1000f5ac     LIBCMT:winapinls.obj
 0002:000025b8       ??_C@_1BG@NDGMJIMJ@?$AAu?$AAz?$AA?9?$AAU?$AAZ?$AA?9?$AAL?$AAa?$AAt?$AAn?$AA?$AA@ 1000f5b8     LIBCMT:winapinls.obj
 0002:000025d0       ??_C@_1M@IDCCIHBC@?$AAt?$AAt?$AA?9?$AAR?$AAU?$AA?$AA@ 1000f5d0     LIBCMT:winapinls.obj
 0002:000025dc       ??_C@_1M@LOICPMOJ@?$AAb?$AAn?$AA?9?$AAI?$AAN?$AA?$AA@ 1000f5dc     LIBCMT:winapinls.obj
 0002:000025e8       ??_C@_1M@KPKKNEAH@?$AAp?$AAa?$AA?9?$AAI?$AAN?$AA?$AA@ 1000f5e8     LIBCMT:winapinls.obj
 0002:000025f4       ??_C@_1M@PJGPPBOG@?$AAg?$AAu?$AA?9?$AAI?$AAN?$AA?$AA@ 1000f5f4     LIBCMT:winapinls.obj
 0002:00002600       ??_C@_1M@KMKMOPHI@?$AAt?$AAa?$AA?9?$AAI?$AAN?$AA?$AA@ 1000f600     LIBCMT:winapinls.obj
 0002:0000260c       ??_C@_1M@KFEHEPAC@?$AAt?$AAe?$AA?9?$AAI?$AAN?$AA?$AA@ 1000f60c     LIBCMT:winapinls.obj
 0002:00002618       ??_C@_1M@CDCLMGHI@?$AAk?$AAn?$AA?9?$AAI?$AAN?$AA?$AA@ 1000f618     LIBCMT:winapinls.obj
 0002:00002624       ??_C@_1M@MIODLDKF@?$AAm?$AAl?$AA?9?$AAI?$AAN?$AA?$AA@ 1000f624     LIBCMT:winapinls.obj
 0002:00002630       ??_C@_1M@PBIEACPO@?$AAm?$AAr?$AA?9?$AAI?$AAN?$AA?$AA@ 1000f630     LIBCMT:winapinls.obj
 0002:0000263c       ??_C@_1M@NIDEAGPH@?$AAs?$AAa?$AA?9?$AAI?$AAN?$AA?$AA@ 1000f63c     LIBCMT:winapinls.obj
 0002:00002648       ??_C@_1M@FHIHCBIO@?$AAm?$AAn?$AA?9?$AAM?$AAN?$AA?$AA@ 1000f648     LIBCMT:winapinls.obj
 0002:00002654       ??_C@_1M@JAIJPENP@?$AAc?$AAy?$AA?9?$AAG?$AAB?$AA?$AA@ 1000f654     LIBCMT:winapinls.obj
 0002:00002660       ??_C@_1M@PHGFBEPN@?$AAg?$AAl?$AA?9?$AAE?$AAS?$AA?$AA@ 1000f660     LIBCMT:winapinls.obj
 0002:0000266c       ??_C@_1O@KPIPDNCP@?$AAk?$AAo?$AAk?$AA?9?$AAI?$AAN?$AA?$AA@ 1000f66c     LIBCMT:winapinls.obj
 0002:0000267c       ??_C@_1O@KNHJLDJA@?$AAs?$AAy?$AAr?$AA?9?$AAS?$AAY?$AA?$AA@ 1000f67c     LIBCMT:winapinls.obj
 0002:0000268c       ??_C@_1O@MKEKBLAH@?$AAd?$AAi?$AAv?$AA?9?$AAM?$AAV?$AA?$AA@ 1000f68c     LIBCMT:winapinls.obj
 0002:0000269c       ??_C@_1O@OHDCKDDF@?$AAq?$AAu?$AAz?$AA?9?$AAB?$AAO?$AA?$AA@ 1000f69c     LIBCMT:winapinls.obj
 0002:000026ac       ??_C@_1M@LEPJNLFD@?$AAn?$AAs?$AA?9?$AAZ?$AAA?$AA?$AA@ 1000f6ac     LIBCMT:winapinls.obj
 0002:000026b8       ??_C@_1M@OMLEIIJB@?$AAm?$AAi?$AA?9?$AAN?$AAZ?$AA?$AA@ 1000f6b8     LIBCMT:winapinls.obj
 0002:000026c4       ??_C@_1M@PMPEAILG@?$AAa?$AAr?$AA?9?$AAI?$AAQ?$AA?$AA@ 1000f6c4     LIBCMT:winapinls.obj
 0002:000026d0       ??_C@_1M@CNKPNOEE@?$AAd?$AAe?$AA?9?$AAC?$AAH?$AA?$AA@ 1000f6d0     LIBCMT:winapinls.obj
 0002:000026dc       ??_C@_1M@LKMGMLKO@?$AAe?$AAn?$AA?9?$AAG?$AAB?$AA?$AA@ 1000f6dc     LIBCMT:winapinls.obj
 0002:000026e8       ??_C@_1M@PGKJFFGL@?$AAe?$AAs?$AA?9?$AAM?$AAX?$AA?$AA@ 1000f6e8     LIBCMT:winapinls.obj
 0002:000026f4       ??_C@_1M@DNNANBDC@?$AAf?$AAr?$AA?9?$AAB?$AAE?$AA?$AA@ 1000f6f4     LIBCMT:winapinls.obj
 0002:00002700       ??_C@_1M@HLGMDFHM@?$AAi?$AAt?$AA?9?$AAC?$AAH?$AA?$AA@ 1000f700     LIBCMT:winapinls.obj
 0002:0000270c       ??_C@_1M@CLLBGJH@?$AAn?$AAl?$AA?9?$AAB?$AAE?$AA?$AA@ 1000f70c     LIBCMT:winapinls.obj
 0002:00002718       ??_C@_1M@BODBOGLF@?$AAn?$AAn?$AA?9?$AAN?$AAO?$AA?$AA@ 1000f718     LIBCMT:winapinls.obj
 0002:00002724       ??_C@_1M@HFFAHKAD@?$AAp?$AAt?$AA?9?$AAP?$AAT?$AA?$AA@ 1000f724     LIBCMT:winapinls.obj
 0002:00002730       ??_C@_1BG@LNOAKHIE@?$AAs?$AAr?$AA?9?$AAS?$AAP?$AA?9?$AAL?$AAa?$AAt?$AAn?$AA?$AA@ 1000f730     LIBCMT:winapinls.obj
 0002:00002748       ??_C@_1M@HBMHBGAK@?$AAs?$AAv?$AA?9?$AAF?$AAI?$AA?$AA@ 1000f748     LIBCMT:winapinls.obj
 0002:00002754       ??_C@_1BG@DGCJGJBE@?$AAa?$AAz?$AA?9?$AAA?$AAZ?$AA?9?$AAC?$AAy?$AAr?$AAl?$AA?$AA@ 1000f754     LIBCMT:winapinls.obj
 0002:0000276c       ??_C@_1M@KEJDAAHB@?$AAs?$AAe?$AA?9?$AAS?$AAE?$AA?$AA@ 1000f76c     LIBCMT:winapinls.obj
 0002:00002778       ??_C@_1M@HEIBJJAD@?$AAm?$AAs?$AA?9?$AAB?$AAN?$AA?$AA@ 1000f778     LIBCMT:winapinls.obj
 0002:00002784       ??_C@_1BG@PBGJMCEM@?$AAu?$AAz?$AA?9?$AAU?$AAZ?$AA?9?$AAC?$AAy?$AAr?$AAl?$AA?$AA@ 1000f784     LIBCMT:winapinls.obj
 0002:0000279c       ??_C@_1O@LAOBCMDF@?$AAq?$AAu?$AAz?$AA?9?$AAE?$AAC?$AA?$AA@ 1000f79c     LIBCMT:winapinls.obj
 0002:000027ac       ??_C@_1M@POEEMAIO@?$AAa?$AAr?$AA?9?$AAE?$AAG?$AA?$AA@ 1000f7ac     LIBCMT:winapinls.obj
 0002:000027b8       ??_C@_1M@EFAKDEDL@?$AAz?$AAh?$AA?9?$AAH?$AAK?$AA?$AA@ 1000f7b8     LIBCMT:winapinls.obj
 0002:000027c4       ??_C@_1M@HKKIJHGI@?$AAd?$AAe?$AA?9?$AAA?$AAT?$AA?$AA@ 1000f7c4     LIBCMT:winapinls.obj
 0002:000027d0       ??_C@_1M@KBFBEHJF@?$AAe?$AAn?$AA?9?$AAA?$AAU?$AA?$AA@ 1000f7d0     LIBCMT:winapinls.obj
 0002:000027dc       ??_C@_1M@MNPLFAAH@?$AAe?$AAs?$AA?9?$AAE?$AAS?$AA?$AA@ 1000f7dc     LIBCMT:winapinls.obj
 0002:000027e8       ??_C@_1M@HJOOJFMA@?$AAf?$AAr?$AA?9?$AAC?$AAA?$AA?$AA@ 1000f7e8     LIBCMT:winapinls.obj
 0002:000027f4       ??_C@_1BG@JPOFPNAB@?$AAs?$AAr?$AA?9?$AAS?$AAP?$AA?9?$AAC?$AAy?$AAr?$AAl?$AA?$AA@ 1000f7f4     LIBCMT:winapinls.obj
 0002:0000280c       ??_C@_1M@LNFOCMOB@?$AAs?$AAe?$AA?9?$AAF?$AAI?$AA?$AA@ 1000f80c     LIBCMT:winapinls.obj
 0002:00002818       ??_C@_1O@MGJBOAMB@?$AAq?$AAu?$AAz?$AA?9?$AAP?$AAE?$AA?$AA@ 1000f818     LIBCMT:winapinls.obj
 0002:00002828       ??_C@_1M@GJINLBOK@?$AAa?$AAr?$AA?9?$AAL?$AAY?$AA?$AA@ 1000f828     LIBCMT:winapinls.obj
 0002:00002834       ??_C@_1M@GGMNHJNL@?$AAz?$AAh?$AA?9?$AAS?$AAG?$AA?$AA@ 1000f834     LIBCMT:winapinls.obj
 0002:00002840       ??_C@_1M@HOIKODND@?$AAd?$AAe?$AA?9?$AAL?$AAU?$AA?$AA@ 1000f840     LIBCMT:winapinls.obj
 0002:0000284c       ??_C@_1M@DDOCCGFG@?$AAe?$AAn?$AA?9?$AAC?$AAA?$AA?$AA@ 1000f84c     LIBCMT:winapinls.obj
 0002:00002858       ??_C@_1M@BNOEMJLF@?$AAe?$AAs?$AA?9?$AAG?$AAT?$AA?$AA@ 1000f858     LIBCMT:winapinls.obj
 0002:00002864       ??_C@_1M@EOGNKEK@?$AAf?$AAr?$AA?9?$AAC?$AAH?$AA?$AA@ 1000f864     LIBCMT:winapinls.obj
 0002:00002870       ??_C@_1M@FLIDJFHL@?$AAh?$AAr?$AA?9?$AAB?$AAA?$AA?$AA@ 1000f870     LIBCMT:winapinls.obj
 0002:0000287c       ??_C@_1O@FMCELNAJ@?$AAs?$AAm?$AAj?$AA?9?$AAN?$AAO?$AA?$AA@ 1000f87c     LIBCMT:winapinls.obj
 0002:0000288c       ??_C@_1M@JHGLJMGJ@?$AAa?$AAr?$AA?9?$AAD?$AAZ?$AA?$AA@ 1000f88c     LIBCMT:winapinls.obj
 0002:00002898       ??_C@_1M@JKKFDCNP@?$AAz?$AAh?$AA?9?$AAM?$AAO?$AA?$AA@ 1000f898     LIBCMT:winapinls.obj
 0002:000028a4       ??_C@_1M@GEEFALPE@?$AAd?$AAe?$AA?9?$AAL?$AAI?$AA?$AA@ 1000f8a4     LIBCMT:winapinls.obj
 0002:000028b0       ??_C@_1M@IGEOFBG@?$AAe?$AAn?$AA?9?$AAN?$AAZ?$AA?$AA@ 1000f8b0     LIBCMT:winapinls.obj
 0002:000028bc       ??_C@_1M@KDBONEHP@?$AAe?$AAs?$AA?9?$AAC?$AAR?$AA?$AA@ 1000f8bc     LIBCMT:winapinls.obj
 0002:000028c8       ??_C@_1M@FHMDOHNN@?$AAf?$AAr?$AA?9?$AAL?$AAU?$AA?$AA@ 1000f8c8     LIBCMT:winapinls.obj
 0002:000028d4       ??_C@_1BG@NFKKMAFG@?$AAb?$AAs?$AA?9?$AAB?$AAA?$AA?9?$AAL?$AAa?$AAt?$AAn?$AA?$AA@ 1000f8d4     LIBCMT:winapinls.obj
 0002:000028ec       ??_C@_1O@IMNBEMCI@?$AAs?$AAm?$AAj?$AA?9?$AAS?$AAE?$AA?$AA@ 1000f8ec     LIBCMT:winapinls.obj
 0002:000028fc       ??_C@_1M@DHHMBNDP@?$AAa?$AAr?$AA?9?$AAM?$AAA?$AA?$AA@ 1000f8fc     LIBCMT:winapinls.obj
 0002:00002908       ??_C@_1M@BNBLJCGH@?$AAe?$AAn?$AA?9?$AAI?$AAE?$AA?$AA@ 1000f908     LIBCMT:winapinls.obj
 0002:00002914       ??_C@_1M@GEPAFMDL@?$AAe?$AAs?$AA?9?$AAP?$AAA?$AA?$AA@ 1000f914     LIBCMT:winapinls.obj
 0002:00002920       ??_C@_1M@OJONDMDL@?$AAf?$AAr?$AA?9?$AAM?$AAC?$AA?$AA@ 1000f920     LIBCMT:winapinls.obj
 0002:0000292c       ??_C@_1BG@OBCNFJB@?$AAs?$AAr?$AA?9?$AAB?$AAA?$AA?9?$AAL?$AAa?$AAt?$AAn?$AA?$AA@ 1000f92c     LIBCMT:winapinls.obj
 0002:00002944       ??_C@_1O@KEMEEGPO@?$AAs?$AAm?$AAa?$AA?9?$AAN?$AAO?$AA?$AA@ 1000f944     LIBCMT:winapinls.obj
 0002:00002954       ??_C@_1M@ELMGFODK@?$AAa?$AAr?$AA?9?$AAT?$AAN?$AA?$AA@ 1000f954     LIBCMT:winapinls.obj
 0002:00002960       ??_C@_1M@BHDLHFAF@?$AAe?$AAn?$AA?9?$AAZ?$AAA?$AA?$AA@ 1000f960     LIBCMT:winapinls.obj
 0002:0000296c       ??_C@_1M@BMGIGLIF@?$AAe?$AAs?$AA?9?$AAD?$AAO?$AA?$AA@ 1000f96c     LIBCMT:winapinls.obj
 0002:00002978       ??_C@_1BG@CMBHIPBE@?$AAs?$AAr?$AA?9?$AAB?$AAA?$AA?9?$AAC?$AAy?$AAr?$AAl?$AA?$AA@ 1000f978     LIBCMT:winapinls.obj
 0002:00002990       ??_C@_1O@HEDBLHNP@?$AAs?$AAm?$AAa?$AA?9?$AAS?$AAE?$AA?$AA@ 1000f990     LIBCMT:winapinls.obj
 0002:000029a0       ??_C@_1M@DAGCADIM@?$AAa?$AAr?$AA?9?$AAO?$AAM?$AA?$AA@ 1000f9a0     LIBCMT:winapinls.obj
 0002:000029ac       ??_C@_1M@FODLMICG@?$AAe?$AAn?$AA?9?$AAJ?$AAM?$AA?$AA@ 1000f9ac     LIBCMT:winapinls.obj
 0002:000029b8       ??_C@_1M@DNMLCIHB@?$AAe?$AAs?$AA?9?$AAV?$AAE?$AA?$AA@ 1000f9b8     LIBCMT:winapinls.obj
 0002:000029c4       ??_C@_1O@EOKHMKJK@?$AAs?$AAm?$AAs?$AA?9?$AAF?$AAI?$AA?$AA@ 1000f9c4     LIBCMT:winapinls.obj
 0002:000029d4       ??_C@_1M@CAFJMKOF@?$AAa?$AAr?$AA?9?$AAY?$AAE?$AA?$AA@ 1000f9d4     LIBCMT:winapinls.obj
 0002:000029e0       ??_C@_1M@CBFHIJLI@?$AAe?$AAn?$AA?9?$AAC?$AAB?$AA?$AA@ 1000f9e0     LIBCMT:winapinls.obj
 0002:000029ec       ??_C@_1M@BGNFLDN@?$AAe?$AAs?$AA?9?$AAC?$AAO?$AA?$AA@ 1000f9ec     LIBCMT:winapinls.obj
 0002:000029f8       ??_C@_1O@JMPHMAMC@?$AAs?$AAm?$AAn?$AA?9?$AAF?$AAI?$AA?$AA@ 1000f9f8     LIBCMT:winapinls.obj
 0002:00002a08       ??_C@_1M@JLANABKE@?$AAa?$AAr?$AA?9?$AAS?$AAY?$AA?$AA@ 1000fa08     LIBCMT:winapinls.obj
 0002:00002a14       ??_C@_1M@HPKGCFGN@?$AAe?$AAn?$AA?9?$AAB?$AAZ?$AA?$AA@ 1000fa14     LIBCMT:winapinls.obj
 0002:00002a20       ??_C@_1M@OLJCMLGM@?$AAe?$AAs?$AA?9?$AAP?$AAE?$AA?$AA@ 1000fa20     LIBCMT:winapinls.obj
 0002:00002a2c       ??_C@_1M@MKKGFKLE@?$AAa?$AAr?$AA?9?$AAJ?$AAO?$AA?$AA@ 1000fa2c     LIBCMT:winapinls.obj
 0002:00002a38       ??_C@_1M@EKPGLDNI@?$AAe?$AAn?$AA?9?$AAT?$AAT?$AA?$AA@ 1000fa38     LIBCMT:winapinls.obj
 0002:00002a44       ??_C@_1M@OONGHFHE@?$AAe?$AAs?$AA?9?$AAA?$AAR?$AA?$AA@ 1000fa44     LIBCMT:winapinls.obj
 0002:00002a50       ??_C@_1M@OOJFGBHE@?$AAa?$AAr?$AA?9?$AAL?$AAB?$AA?$AA@ 1000fa50     LIBCMT:winapinls.obj
 0002:00002a5c       ??_C@_1M@GCEJHNEG@?$AAe?$AAn?$AA?9?$AAZ?$AAW?$AA?$AA@ 1000fa5c     LIBCMT:winapinls.obj
 0002:00002a68       ??_C@_1M@JNOCAHJI@?$AAe?$AAs?$AA?9?$AAE?$AAC?$AA?$AA@ 1000fa68     LIBCMT:winapinls.obj
 0002:00002a74       ??_C@_1M@JEFHPGGB@?$AAa?$AAr?$AA?9?$AAK?$AAW?$AA?$AA@ 1000fa74     LIBCMT:winapinls.obj
 0002:00002a80       ??_C@_1M@MLKIBJOJ@?$AAe?$AAn?$AA?9?$AAP?$AAH?$AA?$AA@ 1000fa80     LIBCMT:winapinls.obj
 0002:00002a8c       ??_C@_1M@BDNIPEND@?$AAe?$AAs?$AA?9?$AAC?$AAL?$AA?$AA@ 1000fa8c     LIBCMT:winapinls.obj
 0002:00002a98       ??_C@_1M@MPNMEKBD@?$AAa?$AAr?$AA?9?$AAA?$AAE?$AA?$AA@ 1000fa98     LIBCMT:winapinls.obj
 0002:00002aa4       ??_C@_1M@KBJALCPI@?$AAe?$AAs?$AA?9?$AAU?$AAY?$AA?$AA@ 1000faa4     LIBCMT:winapinls.obj
 0002:00002ab0       ??_C@_1M@LLCCOAGA@?$AAa?$AAr?$AA?9?$AAB?$AAH?$AA?$AA@ 1000fab0     LIBCMT:winapinls.obj
 0002:00002abc       ??_C@_1M@PBFNCDEL@?$AAe?$AAs?$AA?9?$AAP?$AAY?$AA?$AA@ 1000fabc     LIBCMT:winapinls.obj
 0002:00002ac8       ??_C@_1M@EDGINPNP@?$AAa?$AAr?$AA?9?$AAQ?$AAA?$AA?$AA@ 1000fac8     LIBCMT:winapinls.obj
 0002:00002ad4       ??_C@_1M@MKDBIIJI@?$AAe?$AAs?$AA?9?$AAB?$AAO?$AA?$AA@ 1000fad4     LIBCMT:winapinls.obj
 0002:00002ae0       ??_C@_1M@CPKKEBLD@?$AAe?$AAs?$AA?9?$AAS?$AAV?$AA?$AA@ 1000fae0     LIBCMT:winapinls.obj
 0002:00002aec       ??_C@_1M@NDBGMMJL@?$AAe?$AAs?$AA?9?$AAH?$AAN?$AA?$AA@ 1000faec     LIBCMT:winapinls.obj
 0002:00002af8       ??_C@_1M@JIJIBHDP@?$AAe?$AAs?$AA?9?$AAN?$AAI?$AA?$AA@ 1000faf8     LIBCMT:winapinls.obj
 0002:00002b04       ??_C@_1M@CGFMKEEK@?$AAe?$AAs?$AA?9?$AAP?$AAR?$AA?$AA@ 1000fb04     LIBCMT:winapinls.obj
 0002:00002b10       ??_C@_1O@ICJHKIIK@?$AAz?$AAh?$AA?9?$AAC?$AAH?$AAT?$AA?$AA@ 1000fb10     LIBCMT:winapinls.obj
 0002:00002b20       ??_C@_15CLNEJCE@?$AAs?$AAr?$AA?$AA@ 1000fb20     LIBCMT:winapinls.obj
 0002:00002b28       ??_C@_1M@KAHEKEIG@?$AAa?$AAf?$AA?9?$AAz?$AAa?$AA?$AA@ 1000fb28     LIBCMT:winapinls.obj
 0002:00002b34       ??_C@_1M@GIECOABL@?$AAa?$AAr?$AA?9?$AAa?$AAe?$AA?$AA@ 1000fb34     LIBCMT:winapinls.obj
 0002:00002b40       ??_C@_1M@BMLMEKGI@?$AAa?$AAr?$AA?9?$AAb?$AAh?$AA?$AA@ 1000fb40     LIBCMT:winapinls.obj
 0002:00002b4c       ??_C@_1M@DAPFDGGB@?$AAa?$AAr?$AA?9?$AAd?$AAz?$AA?$AA@ 1000fb4c     LIBCMT:winapinls.obj
 0002:00002b58       ??_C@_1M@FJNKGKIG@?$AAa?$AAr?$AA?9?$AAe?$AAg?$AA?$AA@ 1000fb58     LIBCMT:winapinls.obj
 0002:00002b64       ??_C@_1M@FLGKKCLO@?$AAa?$AAr?$AA?9?$AAi?$AAq?$AA?$AA@ 1000fb64     LIBCMT:winapinls.obj
 0002:00002b70       ??_C@_1M@GNDIPALM@?$AAa?$AAr?$AA?9?$AAj?$AAo?$AA?$AA@ 1000fb70     LIBCMT:winapinls.obj
 0002:00002b7c       ??_C@_1M@DDMJFMGJ@?$AAa?$AAr?$AA?9?$AAk?$AAw?$AA?$AA@ 1000fb7c     LIBCMT:winapinls.obj
 0002:00002b88       ??_C@_1M@EJALMLHM@?$AAa?$AAr?$AA?9?$AAl?$AAb?$AA?$AA@ 1000fb88     LIBCMT:winapinls.obj
 0002:00002b94       ??_C@_1M@MOBDBLOC@?$AAa?$AAr?$AA?9?$AAl?$AAy?$AA?$AA@ 1000fb94     LIBCMT:winapinls.obj
 0002:00002ba0       ??_C@_1M@JAOCLHDH@?$AAa?$AAr?$AA?9?$AAm?$AAa?$AA?$AA@ 1000fba0     LIBCMT:winapinls.obj
 0002:00002bac       ??_C@_1M@JHPMKJIE@?$AAa?$AAr?$AA?9?$AAo?$AAm?$AA?$AA@ 1000fbac     LIBCMT:winapinls.obj
 0002:00002bb8       ??_C@_1M@OEPGHFNH@?$AAa?$AAr?$AA?9?$AAq?$AAa?$AA?$AA@ 1000fbb8     LIBCMT:winapinls.obj
 0002:00002bc4       ??_C@_1M@KJDONENM@?$AAa?$AAr?$AA?9?$AAs?$AAa?$AA?$AA@ 1000fbc4     LIBCMT:winapinls.obj
 0002:00002bd0       ??_C@_1M@DMJDKLKM@?$AAa?$AAr?$AA?9?$AAs?$AAy?$AA?$AA@ 1000fbd0     LIBCMT:winapinls.obj
 0002:00002bdc       ??_C@_1M@OMFIPEDC@?$AAa?$AAr?$AA?9?$AAt?$AAn?$AA?$AA@ 1000fbdc     LIBCMT:winapinls.obj
 0002:00002be8       ??_C@_1M@IHMHGAON@?$AAa?$AAr?$AA?9?$AAy?$AAe?$AA?$AA@ 1000fbe8     LIBCMT:winapinls.obj
 0002:00002bf4       ??_C@_1BG@KDCPGJGB@?$AAa?$AAz?$AA?9?$AAa?$AAz?$AA?9?$AAc?$AAy?$AAr?$AAl?$AA?$AA@ 1000fbf4     LIBCMT:winapinls.obj
 0002:00002c0c       ??_C@_1BG@IBCKDDOE@?$AAa?$AAz?$AA?9?$AAa?$AAz?$AA?9?$AAl?$AAa?$AAt?$AAn?$AA?$AA@ 1000fc0c     LIBCMT:winapinls.obj
 0002:00002c24       ??_C@_1M@EGPFDCPD@?$AAb?$AAe?$AA?9?$AAb?$AAy?$AA?$AA@ 1000fc24     LIBCMT:winapinls.obj
 0002:00002c30       ??_C@_1M@PCMGMCGC@?$AAb?$AAg?$AA?9?$AAb?$AAg?$AA?$AA@ 1000fc30     LIBCMT:winapinls.obj
 0002:00002c3c       ??_C@_1M@BJBMFGOB@?$AAb?$AAn?$AA?9?$AAi?$AAn?$AA?$AA@ 1000fc3c     LIBCMT:winapinls.obj
 0002:00002c48       ??_C@_1BG@EAKMMACD@?$AAb?$AAs?$AA?9?$AAb?$AAa?$AA?9?$AAl?$AAa?$AAt?$AAn?$AA?$AA@ 1000fc48     LIBCMT:winapinls.obj
 0002:00002c60       ??_C@_1M@KGADAODK@?$AAc?$AAa?$AA?9?$AAe?$AAs?$AA?$AA@ 1000fc60     LIBCMT:winapinls.obj
 0002:00002c6c       ??_C@_1M@COAJPDHI@?$AAc?$AAs?$AA?9?$AAc?$AAz?$AA?$AA@ 1000fc6c     LIBCMT:winapinls.obj
 0002:00002c78       ??_C@_1M@DHBHFONH@?$AAc?$AAy?$AA?9?$AAg?$AAb?$AA?$AA@ 1000fc78     LIBCMT:winapinls.obj
 0002:00002c84       ??_C@_1M@IMGKELGA@?$AAd?$AAa?$AA?9?$AAd?$AAk?$AA?$AA@ 1000fc84     LIBCMT:winapinls.obj
 0002:00002c90       ??_C@_1M@NNDGDNGA@?$AAd?$AAe?$AA?9?$AAa?$AAt?$AA?$AA@ 1000fc90     LIBCMT:winapinls.obj
 0002:00002c9c       ??_C@_1M@IKDBHEEM@?$AAd?$AAe?$AA?9?$AAc?$AAh?$AA?$AA@ 1000fc9c     LIBCMT:winapinls.obj
 0002:00002ca8       ??_C@_1M@GFFOJMCJ@?$AAd?$AAe?$AA?9?$AAd?$AAe?$AA?$AA@ 1000fca8     LIBCMT:winapinls.obj
 0002:00002cb4       ??_C@_1M@MDNLKBPM@?$AAd?$AAe?$AA?9?$AAl?$AAi?$AA?$AA@ 1000fcb4     LIBCMT:winapinls.obj
 0002:00002cc0       ??_C@_1M@NJBEEJNL@?$AAd?$AAe?$AA?9?$AAl?$AAu?$AA?$AA@ 1000fcc0     LIBCMT:winapinls.obj
 0002:00002ccc       ??_C@_1O@GNNELBAP@?$AAd?$AAi?$AAv?$AA?9?$AAm?$AAv?$AA?$AA@ 1000fccc     LIBCMT:winapinls.obj
 0002:00002cdc       ??_C@_1M@EJLEOGAE@?$AAe?$AAl?$AA?9?$AAg?$AAr?$AA?$AA@ 1000fcdc     LIBCMT:winapinls.obj
 0002:00002ce8       ??_C@_1M@GMPONJN@?$AAe?$AAn?$AA?9?$AAa?$AAu?$AA?$AA@ 1000fce8     LIBCMT:winapinls.obj
 0002:00002cf4       ??_C@_1M@NIDIIPGF@?$AAe?$AAn?$AA?9?$AAb?$AAz?$AA?$AA@ 1000fcf4     LIBCMT:winapinls.obj
 0002:00002d00       ??_C@_1M@JEHMIMFO@?$AAe?$AAn?$AA?9?$AAc?$AAa?$AA?$AA@ 1000fd00     LIBCMT:winapinls.obj
 0002:00002d0c       ??_C@_1M@IGMJCDLA@?$AAe?$AAn?$AA?9?$AAc?$AAb?$AA?$AA@ 1000fd0c     LIBCMT:winapinls.obj
 0002:00002d18       ??_C@_1M@BNFIGBKG@?$AAe?$AAn?$AA?9?$AAg?$AAb?$AA?$AA@ 1000fd18     LIBCMT:winapinls.obj
 0002:00002d24       ??_C@_1M@LKIFDIGP@?$AAe?$AAn?$AA?9?$AAi?$AAe?$AA?$AA@ 1000fd24     LIBCMT:winapinls.obj
 0002:00002d30       ??_C@_1M@PJKFGCCO@?$AAe?$AAn?$AA?9?$AAj?$AAm?$AA?$AA@ 1000fd30     LIBCMT:winapinls.obj
 0002:00002d3c       ??_C@_1M@KPPKEPBO@?$AAe?$AAn?$AA?9?$AAn?$AAz?$AA?$AA@ 1000fd3c     LIBCMT:winapinls.obj
 0002:00002d48       ??_C@_1M@GMDGLDOB@?$AAe?$AAn?$AA?9?$AAp?$AAh?$AA?$AA@ 1000fd48     LIBCMT:winapinls.obj
 0002:00002d54       ??_C@_1M@ONGIBJNA@?$AAe?$AAn?$AA?9?$AAt?$AAt?$AA?$AA@ 1000fd54     LIBCMT:winapinls.obj
 0002:00002d60       ??_C@_1M@LLODPCMM@?$AAe?$AAn?$AA?9?$AAu?$AAs?$AA?$AA@ 1000fd60     LIBCMT:winapinls.obj
 0002:00002d6c       ??_C@_1M@LAKFNPAN@?$AAe?$AAn?$AA?9?$AAz?$AAa?$AA?$AA@ 1000fd6c     LIBCMT:winapinls.obj
 0002:00002d78       ??_C@_1M@MFNHNHEO@?$AAe?$AAn?$AA?9?$AAz?$AAw?$AA?$AA@ 1000fd78     LIBCMT:winapinls.obj
 0002:00002d84       ??_C@_1M@EJEINPHM@?$AAe?$AAs?$AA?9?$AAa?$AAr?$AA?$AA@ 1000fd84     LIBCMT:winapinls.obj
 0002:00002d90       ??_C@_1M@GNKPCCJA@?$AAe?$AAs?$AA?9?$AAb?$AAo?$AA?$AA@ 1000fd90     LIBCMT:winapinls.obj
 0002:00002d9c       ??_C@_1M@LEEGFONL@?$AAe?$AAs?$AA?9?$AAc?$AAl?$AA?$AA@ 1000fd9c     LIBCMT:winapinls.obj
 0002:00002da8       ??_C@_1M@KGPDPBDF@?$AAe?$AAs?$AA?9?$AAc?$AAo?$AA?$AA@ 1000fda8     LIBCMT:winapinls.obj
 0002:00002db4       ??_C@_1M@EIAHOHH@?$AAe?$AAs?$AA?9?$AAc?$AAr?$AA?$AA@ 1000fdb4     LIBCMT:winapinls.obj
 0002:00002dc0       ??_C@_1M@LLPGMBIN@?$AAe?$AAs?$AA?9?$AAd?$AAo?$AA?$AA@ 1000fdc0     LIBCMT:winapinls.obj
 0002:00002dcc       ??_C@_1M@DKHMKNJA@?$AAe?$AAs?$AA?9?$AAe?$AAc?$AA?$AA@ 1000fdcc     LIBCMT:winapinls.obj
 0002:00002dd8       ??_C@_1M@GKGFPKAP@?$AAe?$AAs?$AA?9?$AAe?$AAs?$AA?$AA@ 1000fdd8     LIBCMT:winapinls.obj
 0002:00002de4       ??_C@_1M@LKHKGDLN@?$AAe?$AAs?$AA?9?$AAg?$AAt?$AA?$AA@ 1000fde4     LIBCMT:winapinls.obj
 0002:00002df0       ??_C@_1M@HEIIGGJD@?$AAe?$AAs?$AA?9?$AAh?$AAn?$AA?$AA@ 1000fdf0     LIBCMT:winapinls.obj
 0002:00002dfc       ??_C@_1M@FBDHPPGD@?$AAe?$AAs?$AA?9?$AAm?$AAx?$AA?$AA@ 1000fdfc     LIBCMT:winapinls.obj
 0002:00002e08       ??_C@_1M@DPAGLNDH@?$AAe?$AAs?$AA?9?$AAn?$AAi?$AA?$AA@ 1000fe08     LIBCMT:winapinls.obj
 0002:00002e14       ??_C@_1M@MDGOPGDD@?$AAe?$AAs?$AA?9?$AAp?$AAa?$AA?$AA@ 1000fe14     LIBCMT:winapinls.obj
 0002:00002e20       ??_C@_1M@EMAMGBGE@?$AAe?$AAs?$AA?9?$AAp?$AAe?$AA?$AA@ 1000fe20     LIBCMT:winapinls.obj
 0002:00002e2c       ??_C@_1M@IBMCAOEC@?$AAe?$AAs?$AA?9?$AAp?$AAr?$AA?$AA@ 1000fe2c     LIBCMT:winapinls.obj
 0002:00002e38       ??_C@_1M@FGMDIJED@?$AAe?$AAs?$AA?9?$AAp?$AAy?$AA?$AA@ 1000fe38     LIBCMT:winapinls.obj
 0002:00002e44       ??_C@_1M@IIDEOLLL@?$AAe?$AAs?$AA?9?$AAs?$AAv?$AA?$AA@ 1000fe44     LIBCMT:winapinls.obj
 0002:00002e50       ??_C@_1M@GAOBIPA@?$AAe?$AAs?$AA?9?$AAu?$AAy?$AA?$AA@ 1000fe50     LIBCMT:winapinls.obj
 0002:00002e5c       ??_C@_1M@JKFFICHJ@?$AAe?$AAs?$AA?9?$AAv?$AAe?$AA?$AA@ 1000fe5c     LIBCMT:winapinls.obj
[...]
 0003:0000307c       __acmdln                   1001507c     <common>

 entry point at        0001:00000722

 Static symbols

 0000:fffe8000       .debug$S                   10000000     kernel32:KERNEL32.dll
 0000:fffe8000       .debug$S                   10000000     node:node.exe
 0000:fffe8000       .debug$S                   10000000     node:node.exe
 0000:fffe8000       .debug$S                   10000000     node:node.exe
 0000:fffe8000       .debug$S                   10000000     node:node.exe
 0000:fffe8000       .debug$S                   10000000     node:node.exe
 0000:fffe8000       .debug$S                   10000000     user32:USER32.dll
 0000:fffe8000       .debug$S                   10000000     node:node.exe
 0000:fffe8000       .debug$S                   10000000     kernel32:KERNEL32.dll
 0000:fffe8000       .debug$S                   10000000     node:node.exe
 0000:fffe8000       .debug$S                   10000000     node:node.exe
 0000:fffe8000       .debug$S                   10000000     node:node.exe
 0000:fffe8000       .debug$S                   10000000     node:node.exe
 0000:fffe8000       .debug$S                   10000000     node:node.exe
 0000:fffe8000       .debug$S                   10000000     node:node.exe
 0000:fffe8000       .debug$S                   10000000     kernel32:KERNEL32.dll
 0000:fffe8000       .debug$S                   10000000     kernel32:KERNEL32.dll
 0000:fffe8000       .debug$S                   10000000     kernel32:KERNEL32.dll
 0000:fffe8000       .debug$S                   10000000     kernel32:KERNEL32.dll
 0000:fffe8000       .debug$S                   10000000     kernel32:KERNEL32.dll
 0000:fffe8000       .debug$S                   10000000     kernel32:KERNEL32.dll
 0000:fffe8000       .debug$S                   10000000     kernel32:KERNEL32.dll
 0000:fffe8000       .debug$S                   10000000     kernel32:KERNEL32.dll
 0000:fffe8000       .debug$S                   10000000     kernel32:KERNEL32.dll
 0000:fffe8000       .debug$S                   10000000     kernel32:KERNEL32.dll
 0000:fffe8000       .debug$S                   10000000     kernel32:KERNEL32.dll
 0000:fffe8000       .debug$S                   10000000     kernel32:KERNEL32.dll
 0000:fffe8000       .debug$S                   10000000     kernel32:KERNEL32.dll
 0000:fffe8000       .debug$S                   10000000     kernel32:KERNEL32.dll
 0000:fffe8000       .debug$S                   10000000     kernel32:KERNEL32.dll
 0000:fffe8000       .debug$S                   10000000     kernel32:KERNEL32.dll
 0000:fffe8000       .debug$S                   10000000     kernel32:KERNEL32.dll
 0000:fffe8000       .debug$S                   10000000     kernel32:KERNEL32.dll
 0000:fffe8000       .debug$S                   10000000     kernel32:KERNEL32.dll
 0000:fffe8000       .debug$S                   10000000     kernel32:KERNEL32.dll
 0000:fffe8000       .debug$S                   10000000     kernel32:KERNEL32.dll
 0000:fffe8000       .debug$S                   10000000     kernel32:KERNEL32.dll
 0000:fffe8000       .debug$S                   10000000     kernel32:KERNEL32.dll
 0000:fffe8000       .debug$S                   10000000     kernel32:KERNEL32.dll
 0000:fffe8000       .debug$S                   10000000     kernel32:KERNEL32.dll
 0000:fffe8000       .debug$S                   10000000     kernel32:KERNEL32.dll
 0000:fffe8000       .debug$S                   10000000     kernel32:KERNEL32.dll
 0000:fffe8000       .debug$S                   10000000     kernel32:KERNEL32.dll
 0000:fffe8000       .debug$S                   10000000     kernel32:KERNEL32.dll
 0000:fffe8000       .debug$S                   10000000     kernel32:KERNEL32.dll
 0000:fffe8000       .debug$S                   10000000     kernel32:KERNEL32.dll
 0000:fffe8000       .debug$S                   10000000     kernel32:KERNEL32.dll
 0000:fffe8000       .debug$S                   10000000     kernel32:KERNEL32.dll
 0000:fffe8000       .debug$S                   10000000     kernel32:KERNEL32.dll
 0000:fffe8000       .debug$S                   10000000     kernel32:KERNEL32.dll
 0000:fffe8000       .debug$S                   10000000     kernel32:KERNEL32.dll
 0000:fffe8000       .debug$S                   10000000     kernel32:KERNEL32.dll
 0000:fffe8000       .debug$S                   10000000     kernel32:KERNEL32.dll
 0000:fffe8000       .debug$S                   10000000     kernel32:KERNEL32.dll
 0000:fffe8000       .debug$S                   10000000     kernel32:KERNEL32.dll
 0000:fffe8000       .debug$S                   10000000     kernel32:KERNEL32.dll
 0000:fffe8000       .debug$S                   10000000     kernel32:KERNEL32.dll
 0000:fffe8000       .debug$S                   10000000     kernel32:KERNEL32.dll
 0000:fffe8000       .debug$S                   10000000     kernel32:KERNEL32.dll
 0000:fffe8000       .debug$S                   10000000     kernel32:KERNEL32.dll
 0000:fffe8000       .debug$S                   10000000     kernel32:KERNEL32.dll
 0000:fffe8000       .debug$S                   10000000     kernel32:KERNEL32.dll
 0000:fffe8000       .debug$S                   10000000     kernel32:KERNEL32.dll
 0000:fffe8000       .debug$S                   10000000     kernel32:KERNEL32.dll
 0000:fffe8000       .debug$S                   10000000     kernel32:KERNEL32.dll
 0000:fffe8000       .debug$S                   10000000     kernel32:KERNEL32.dll
 0000:fffe8000       .debug$S                   10000000     kernel32:KERNEL32.dll
 0000:fffe8000       .debug$S                   10000000     kernel32:KERNEL32.dll
 0000:fffe8000       .debug$S                   10000000     kernel32:KERNEL32.dll
 0000:fffe8000       .debug$S                   10000000     kernel32:KERNEL32.dll
 0000:fffe8000       .debug$S                   10000000     kernel32:KERNEL32.dll
 0000:fffe8000       .debug$S                   10000000     kernel32:KERNEL32.dll
 0000:fffe8000       .debug$S                   10000000     kernel32:KERNEL32.dll
 0000:fffe8000       .debug$S                   10000000     kernel32:KERNEL32.dll
 0000:fffe8000       .debug$S                   10000000     kernel32:KERNEL32.dll
 0000:fffe8000       .debug$S                   10000000     kernel32:KERNEL32.dll
 0000:fffe8000       .debug$S                   10000000     kernel32:KERNEL32.dll
 0000:fffe8000       .debug$S                   10000000     kernel32:KERNEL32.dll
 0000:fffe8000       .debug$S                   10000000     kernel32:KERNEL32.dll
 0000:fffe8000       .debug$S                   10000000     kernel32:KERNEL32.dll
 0000:fffe8000       .debug$S                   10000000     kernel32:KERNEL32.dll
 0000:fffe8000       .debug$S                   10000000     kernel32:KERNEL32.dll
 0000:fffe8000       .debug$S                   10000000     kernel32:KERNEL32.dll
 0000:fffe8000       .debug$S                   10000000     kernel32:KERNEL32.dll
 0000:fffe8000       .debug$S                   10000000     kernel32:KERNEL32.dll
 0000:fffe8000       .debug$S                   10000000     kernel32:KERNEL32.dll
 0000:fffe8000       .debug$S                   10000000     kernel32:KERNEL32.dll
 0000:fffe8000       .debug$S                   10000000     kernel32:KERNEL32.dll
 0000:fffe8000       .debug$S                   10000000     kernel32:KERNEL32.dll
 0000:fffe8000       .debug$S                   10000000     kernel32:KERNEL32.dll
 0000:fffe8000       .debug$S                   10000000     kernel32:KERNEL32.dll
 0000:fffe8000       .debug$S                   10000000     node:node.exe
 0001:00000000       ??__Epiecewise_construct@std@@YAXXZ 10001000 f   * CIL library *:* CIL module *
 0001:00000010       ??__Eallocator_arg@std@@YAXXZ 10001010 f   * CIL library *:* CIL module *
 0001:00000320       __register_addon           10001320 f   * CIL library *:* CIL module *
 0001:00000330       ?load_exe_hook@@YGP6GHXZIPAUDelayLoadInfo@@@Z 10001330 f   * CIL library *:* CIL module *
 0001:00000745       ___DllMainCRTStartup       10001745 f   LIBCMT:dllcrt0.obj
 0001:000009b0       $$000000                   100019b0     LIBCMT:sqrt.obj
 0001:0000171d       ?CPtoLocaleName@@YAPB_WH@Z 1000271d f   LIBCMT:mbctype.obj
 0001:00001757       ?getSystemCP@@YAHH@Z       10002757 f   LIBCMT:mbctype.obj
 0001:000017c5       ?setSBCS@@YAXPAUthreadmbcinfostruct@@@Z 100027c5 f   LIBCMT:mbctype.obj
 0001:00001824       ?setSBUpLow@@YAXPAUthreadmbcinfostruct@@@Z 10002824 f   LIBCMT:mbctype.obj
 0001:0000273b       __initterm                 1000373b f   LIBCMT:crt0dat.obj
 0001:000027a5       _doexit                    100037a5 f   LIBCMT:crt0dat.obj
 0001:00002caa       _parse_cmdline             10003caa f   LIBCMT:stdargv.obj
 0001:00003540       $$000000                   10004540     LIBCMT:sehprolg4.obj
 0001:00003740       $$000000                   10004740     LIBCMT:87disp.obj
 0001:00003910       $$000000                   10004910     LIBCMT:genexcep.obj
 0001:00003970       $$000000                   10004970     LIBCMT:common.obj
 0001:00004099       __cftoe2_l                 10005099 f   LIBCMT:cvt.obj
 0001:000042b8       __cftof2_l                 100052b8 f   LIBCMT:cvt.obj
 0001:000046ee       __shift                    100056ee f   LIBCMT:cvt.obj
 0001:00004760       $$000000                   10005760     LIBCMT:memset.obj
 0001:00004e52       ?__crtLCMapStringA_stat@@YAHPAUlocaleinfo_struct@@PB_WKPBDHPADHHH@Z 10005e52 f   LIBCMT:a_map.obj
 0001:000050ba       ?__crtGetStringTypeA_stat@@YAHPAUlocaleinfo_struct@@KPBDHPAGHH@Z 100060ba f   LIBCMT:a_str.obj
 0001:000052f0       $$000000                   100062f0     LIBCMT:memcpy.obj
 0001:00005540       LeadUpVec                  10006540     LIBCMT:memcpy.obj
 0001:000055bc       UnwindUpVec                100065bc     LIBCMT:memcpy.obj
 0001:00005628       TrailUpVec                 10006628     LIBCMT:memcpy.obj
 0001:000056cc       LeadDownVec                100066cc     LIBCMT:memcpy.obj
 0001:00005758       UnwindDownVec              10006758     LIBCMT:memcpy.obj
 0001:000057c4       TrailDownVec               100067c4     LIBCMT:memcpy.obj
 0001:00005fd4       __onexit_nolock            10006fd4 f   LIBCMT:onexit.obj
 0001:0000630a       _siglookup                 1000730a f   LIBCMT:winsig.obj
 0001:00006360       $$000000                   10007360     LIBCMT:exsup4.obj
 0001:000063f0       __unwind_handler4          100073f0 f   LIBCMT:exsup4.obj
 0001:00006622       ?x_ismbbtype_l@@YAHPAUlocaleinfo_struct@@IHH@Z 10007622 f   LIBCMT:ismbbyte.obj
 0001:000066f0       $$000000                   100076f0     LIBCMT:strlen.obj
 0001:00006ac0       $$000000                   10007ac0     LIBCMT:memmove.obj
 0001:00006d10       LeadUpVec                  10007d10     LIBCMT:memmove.obj
 0001:00006d8c       UnwindUpVec                10007d8c     LIBCMT:memmove.obj
 0001:00006df8       TrailUpVec                 10007df8     LIBCMT:memmove.obj
 0001:00006e9c       LeadDownVec                10007e9c     LIBCMT:memmove.obj
 0001:00006f28       UnwindDownVec              10007f28     LIBCMT:memmove.obj
 0001:00006f94       TrailDownVec               10007f94     LIBCMT:memmove.obj
 0001:00007110       $$000000                   10008110     LIBCMT:strrchr.obj
 0001:000075a0       $$000000                   100085a0     LIBCMT:lldvrm.obj
 0001:00007680       $$000000                   10008680     LIBCMT:ullshr.obj
 0001:000077d0       $$000000                   100087d0     LIBCMT:alloca16.obj
 0001:00007bc1       _flsall                    10008bc1 f   LIBCMT:fflush.obj
 0001:00007cb0       $$000000                   10008cb0     LIBCMT:exsup.obj
 0001:00007cd0       __unwind_handler           10008cd0 f   LIBCMT:exsup.obj
 0001:000090e0       $LN333                     1000a0e0     LIBCMT:strgtold.obj
 0001:00009ae4       ___hw_cw_sse2              1000aae4 f   LIBCMT:ieee87.obj
 0001:00009e8f       __hw_cw                    1000ae8f f   LIBCMT:ieee87.obj
 0001:00009f30       $$000000                   1000af30     LIBCMT:chkstk.obj
 0001:00009f60       $$000000                   1000af60     LIBCMT:ulldvrm.obj
 0001:0000ad00       $$000000                   1000bd00     LIBCMT:llmul.obj
 0002:00000110       _piecewise_construct$initializer$ 1000d110     * CIL library *:* CIL module *
 0002:00000114       _allocator_arg$initializer$ 1000d114     * CIL library *:* CIL module *
 0002:00000124       _pinit                     1000d124     LIBCMT:mbctype.obj
 0002:00000128       _pinit                     1000d128     LIBCMT:cpu_disp.obj
 0002:0000012c       _pinit                     1000d12c     LIBCMT:onexit.obj
 0002:00000130       _pinit                     1000d130     LIBCMT:_file.obj
 0002:0000013c       _pterm                     1000d13c     LIBCMT:wsetloca.obj
 0002:00000140       _pterm                     1000d140     LIBCMT:initcon.obj
 0002:00000144       _pterm                     1000d144     LIBCMT:_file.obj
 0002:000001b0       _GS_ExceptionPointers      1000d1b0     LIBCMT:gs_report.obj
 0002:00000284       __mb_locale_names          1000d284     LIBCMT:mbctype.obj
 0002:00000620       __first_127char            1000d620     LIBCMT:wsetloca.obj
 0002:00000a64       One                        1000da64     LIBCMT:87disp.obj
 0002:00000a6c       XAMtoTagTab                1000da6c     LIBCMT:87disp.obj
 0002:00000a80       One                        1000da80     LIBCMT:common.obj
 0002:00000a94       DblMax                     1000da94     LIBCMT:common.obj
 0002:00000a9c       DblMin                     1000da9c     LIBCMT:common.obj
 0002:00000aa4       IeeeAdjO                   1000daa4     LIBCMT:common.obj
 0002:00000aac       IeeeAdjU                   1000daac     LIBCMT:common.obj
 0002:00000ab4       _infinity                  1000dab4     LIBCMT:common.obj
 0002:00000abc       _zero                      1000dabc     LIBCMT:common.obj
 0002:00003358       _rterrs                    10010358     LIBCMT:crt0msg.obj
 0002:00004040       __sehtable$__CRT_INIT@12   10011040     LIBCMT:dllcrt0.obj
 0002:00004060       __sehtable$___DllMainCRTStartup 10011060     LIBCMT:dllcrt0.obj
 0002:00004080       __sehtable$___set_fpsr_sse2 10011080     LIBCMT:fpctrl.obj
 0002:000040a0       __sehtable$___updatetlocinfo 100110a0     LIBCMT:localref.obj
 0002:000040c0       __sehtable$___updatetmbcinfo 100110c0     LIBCMT:mbctype.obj
 0002:000040e0       __sehtable$__setmbcp       100110e0     LIBCMT:mbctype.obj
 0002:00004100       __sehtable$__freefls@4     10011100     LIBCMT:tidtable.obj
 0002:00004128       __sehtable$__initptd       10011128     LIBCMT:tidtable.obj
 0002:00004150       __sehtable$__locterm       10011150     LIBCMT:wsetloca.obj
 0002:00004170       __sehtable$_doexit         10011170     LIBCMT:crt0dat.obj
 0002:00004190       __sehtable$__ioinit        10011190     LIBCMT:ioinit.obj
 0002:000041b0       __sehtable$__mtinitlocknum 100111b0     LIBCMT:mlock.obj
 0002:000041d0       __sehtable$__IsNonwritableInCurrentImage 100111d0     LIBCMT:pesect.obj
 0002:000041f0       __sehtable$__onexit        100111f0     LIBCMT:onexit.obj
 0002:00004210       __sehtable$?terminate@@YAXXZ 10011210     LIBCMT:hooks.obj
 0002:00004230       __sehtable$_raise          10011230     LIBCMT:winsig.obj
 0002:00004250       __sehtable$_flsall         10011250     LIBCMT:fflush.obj
 0002:00004278       __sehtable$__fcloseall     10011278     LIBCMT:closeall.obj
 0002:00004298       __sehtable$__commit        10011298     LIBCMT:commit.obj
 0002:000042b8       __sehtable$__write         100112b8     LIBCMT:write.obj
 0002:000042d8       __sehtable$_fclose         100112d8     LIBCMT:fclose.obj
 0002:000042f8       __sehtable$___lock_fhandle 100112f8     LIBCMT:osfinfo.obj
 0002:00004318       __sehtable$__close         10011318     LIBCMT:close.obj
 0002:000046e0       .edata                     100116e0     addon.exp
 0002:00004708       rgpv                       10011708     addon.exp
 0002:0000470c       rgszName                   1001170c     addon.exp
 0002:00004710       rgwOrd                     10011710     addon.exp
 0002:00004712       szName                     10011712     addon.exp
 0002:0000471d       $N00001                    1001171d     addon.exp
 0002:0000488c       .idata$6                   1001188c     kernel32:KERNEL32.dll
 0002:000048a8       .idata$6                   100118a8     user32:USER32.dll
 0003:00000010       _NAME_                     10012010     LIBCMT:sqrt.obj
 0003:00000040       ?_names@?1??_get_fname@@9@9 10012040     LIBCMT:fpexcept.obj
 0003:00000128       _over                      10012128     LIBCMT:fpctrl.obj
 0003:00000134       _under                     10012134     LIBCMT:fpctrl.obj
 0003:00000140       ?__DAZ_ENABLED@?1??__set_fpsr_sse2@@9@9 10012140     LIBCMT:fpctrl.obj
 0003:00000578       ___rgctypeflag             10012578     LIBCMT:mbctype.obj
 0003:00000580       ___rgcode_page_info        10012580     LIBCMT:mbctype.obj
 0003:00000678       _errtable                  10012678     LIBCMT:dosmap.obj
 0003:000007e0       _ErrnoNoMem                100127e0     LIBCMT:dosmap.obj
 0003:000007e4       _DoserrorNoMem             100127e4     LIBCMT:dosmap.obj
 0003:00000a14       __ctype_loc_style          10012a14     LIBCMT:wsetloca.obj
 0003:00000a58       ?isPackaged@?1??__crtIsPackagedApp@@9@9 10012a58     LIBCMT:winapisupp.obj
 0003:00000a90       __locktable                10012a90     LIBCMT:mlock.obj
 0003:00000ec0       _DoubleFormat              10012ec0     LIBCMT:intrncvt.obj
 0003:00000ed8       _FloatFormat               10012ed8     LIBCMT:intrncvt.obj
 0003:000011bc       __module                   100131bc     * CIL library *:* CIL module *
 0003:00001224       ___proc_attached           10013224     LIBCMT:dllcrt0.obj
 0003:00001230       _GS_ExceptionRecord        10013230     LIBCMT:gs_report.obj
 0003:00001280       _GS_ContextRecord          10013280     LIBCMT:gs_report.obj
 0003:0000154c       _DebuggerWasPresent        1001354c     LIBCMT:gs_report.obj
 0003:00001570       _fSystemSet                10013570     LIBCMT:mbctype.obj
 0003:000016b0       ?_pgmname@?1??_setargv@@9@9 100136b0     LIBCMT:stdargv.obj
 0003:000017c8       _lclcritsects              100137c8     LIBCMT:mlock.obj
 0003:00001920       ___crtCallProc             10013920     LIBCMT:winapinls.obj
 0003:00001930       ?outmsg@?8??_NMSG_WRITE@@9@9 10013930     LIBCMT:crt0msg.obj
 0003:00001f64       _ctrlc_action              10013f64     LIBCMT:winsig.obj
 0003:00001f68       _ctrlbreak_action          10013f68     LIBCMT:winsig.obj
 0003:00001f6c       _abort_action              10013f6c     LIBCMT:winsig.obj
 0003:00001f70       _term_action               10013f70     LIBCMT:winsig.obj
 0003:00001f74       _ConsoleCtrlHandler_Installed 10013f74     LIBCMT:winsig.obj
 0003:00001f78       _g_pfnRtlGenRandom         10013f78     LIBCMT:rand_s.obj
 0003:00001f90       ?pfnMessageBox@?1??__crtMessageBoxW@@9@9 10013f90     LIBCMT:crtmboxw.obj
 0003:00001f94       ?pfnGetActiveWindow@?1??__crtMessageBoxW@@9@9 10013f94     LIBCMT:crtmboxw.obj
 0003:00001f98       ?pfnGetLastActivePopup@?1??__crtMessageBoxW@@9@9 10013f98     LIBCMT:crtmboxw.obj
 0003:00001f9c       ?pfnGetProcessWindowStation@?1??__crtMessageBoxW@@9@9 10013f9c     LIBCMT:crtmboxw.obj
 0003:00001fa0       ?pfnGetUserObjectInformation@?1??__crtMessageBoxW@@9@9 10013fa0     LIBCMT:crtmboxw.obj
 0003:00001fac       _allocator_arg             10013fac     * CIL library *:* CIL module *
 0003:00001fad       _piecewise_construct       10013fad     * CIL library *:* CIL module *
 0004:00000060       $R000000                   10016060     * linker generated manifest res *

 Exports

  ordinal    name

        1    __register_addon_
               exported name: _register_addon_
